[setup] aligned data: /data2/user/zyq/data_processed/PRE/aligned
[setup] out dir: /data2/user/zyq/checkpoints/PRE/diag_uv_predictability_20260901
[gate] PASS  daily time continuity  (1994-01-01 .. 2022-12-30 (10591 days))
[gate] PASS  mask shapes  (u(400, 441) v(400, 441) version=9f4cd88939b02e12)
[setup] loading the unified (depth_index=None) min-max stats...
[stats] saved /data2/user/zyq/data_processed/PRE/norm/stats_all_clipnone.npz; sigma_data=0.07115
[setup] unified min-max: lo={'u': -2.332338809967041, 'v': -2.120549201965332} hi={'u': 2.2596378326416016, 'v': 1.3131903409957886}
[train] chunk 1/841 days 0..9 (10/8401) elapsed_s=3
[train] chunk 2/841 days 10..19 (20/8401) elapsed_s=6
[train] chunk 3/841 days 20..29 (30/8401) elapsed_s=9
[train] chunk 4/841 days 30..39 (40/8401) elapsed_s=12
[train] chunk 5/841 days 40..49 (50/8401) elapsed_s=14
[train] chunk 6/841 days 50..59 (60/8401) elapsed_s=17
[train] chunk 7/841 days 60..69 (70/8401) elapsed_s=20
[train] chunk 8/841 days 70..79 (80/8401) elapsed_s=23
[train] chunk 9/841 days 80..89 (90/8401) elapsed_s=26
[train] chunk 10/841 days 90..99 (100/8401) elapsed_s=29
[train] chunk 11/841 days 100..109 (110/8401) elapsed_s=32
[train] chunk 12/841 days 110..119 (120/8401) elapsed_s=35
[train] chunk 13/841 days 120..129 (130/8401) elapsed_s=38
[train] chunk 14/841 days 130..139 (140/8401) elapsed_s=41
[train] chunk 15/841 days 140..149 (150/8401) elapsed_s=44
[train] chunk 16/841 days 150..159 (160/8401) elapsed_s=47
[train] chunk 17/841 days 160..169 (170/8401) elapsed_s=50
[train] chunk 18/841 days 170..179 (180/8401) elapsed_s=53
[train] chunk 19/841 days 180..189 (190/8401) elapsed_s=56
[train] chunk 20/841 days 190..199 (200/8401) elapsed_s=59
[train] chunk 21/841 days 200..209 (210/8401) elapsed_s=62
[train] chunk 22/841 days 210..219 (220/8401) elapsed_s=65
[train] chunk 23/841 days 220..229 (230/8401) elapsed_s=68
[train] chunk 24/841 days 230..239 (240/8401) elapsed_s=71
[train] chunk 25/841 days 240..249 (250/8401) elapsed_s=74
[train] chunk 26/841 days 250..259 (260/8401) elapsed_s=77
[train] chunk 27/841 days 260..269 (270/8401) elapsed_s=80
[train] chunk 28/841 days 270..279 (280/8401) elapsed_s=83
[train] chunk 29/841 days 280..289 (290/8401) elapsed_s=86
[train] chunk 30/841 days 290..299 (300/8401) elapsed_s=89
[train] chunk 31/841 days 300..309 (310/8401) elapsed_s=92
[train] chunk 32/841 days 310..319 (320/8401) elapsed_s=95
[train] chunk 33/841 days 320..329 (330/8401) elapsed_s=98
[train] chunk 34/841 days 330..339 (340/8401) elapsed_s=101
[train] chunk 35/841 days 340..349 (350/8401) elapsed_s=104
[train] chunk 36/841 days 350..359 (360/8401) elapsed_s=108
[train] chunk 37/841 days 360..369 (370/8401) elapsed_s=111
[train] chunk 38/841 days 370..379 (380/8401) elapsed_s=114
[train] chunk 39/841 days 380..389 (390/8401) elapsed_s=117
[train] chunk 40/841 days 390..399 (400/8401) elapsed_s=120
[train] chunk 41/841 days 400..409 (410/8401) elapsed_s=123
[train] chunk 42/841 days 410..419 (420/8401) elapsed_s=126
[train] chunk 43/841 days 420..429 (430/8401) elapsed_s=130
[train] chunk 44/841 days 430..439 (440/8401) elapsed_s=133
[train] chunk 45/841 days 440..449 (450/8401) elapsed_s=136
[train] chunk 46/841 days 450..459 (460/8401) elapsed_s=140
[train] chunk 47/841 days 460..469 (470/8401) elapsed_s=143
[train] chunk 48/841 days 470..479 (480/8401) elapsed_s=146
[train] chunk 49/841 days 480..489 (490/8401) elapsed_s=150
[train] chunk 50/841 days 490..499 (500/8401) elapsed_s=153
[train] chunk 51/841 days 500..509 (510/8401) elapsed_s=156
[train] chunk 52/841 days 510..519 (520/8401) elapsed_s=159
[train] chunk 53/841 days 520..529 (530/8401) elapsed_s=163
[train] chunk 54/841 days 530..539 (540/8401) elapsed_s=166
[train] chunk 55/841 days 540..549 (550/8401) elapsed_s=170
[train] chunk 56/841 days 550..559 (560/8401) elapsed_s=173
[train] chunk 57/841 days 560..569 (570/8401) elapsed_s=176
[train] chunk 58/841 days 570..579 (580/8401) elapsed_s=179
[train] chunk 59/841 days 580..589 (590/8401) elapsed_s=183
[train] chunk 60/841 days 590..599 (600/8401) elapsed_s=186
[train] chunk 61/841 days 600..609 (610/8401) elapsed_s=189
[train] chunk 62/841 days 610..619 (620/8401) elapsed_s=192
[train] chunk 63/841 days 620..629 (630/8401) elapsed_s=196
[train] chunk 64/841 days 630..639 (640/8401) elapsed_s=199
[train] chunk 65/841 days 640..649 (650/8401) elapsed_s=203
[train] chunk 66/841 days 650..659 (660/8401) elapsed_s=206
[train] chunk 67/841 days 660..669 (670/8401) elapsed_s=209
[train] chunk 68/841 days 670..679 (680/8401) elapsed_s=213
[train] chunk 69/841 days 680..689 (690/8401) elapsed_s=216
[train] chunk 70/841 days 690..699 (700/8401) elapsed_s=219
[train] chunk 71/841 days 700..709 (710/8401) elapsed_s=222
[train] chunk 72/841 days 710..719 (720/8401) elapsed_s=226
[train] chunk 73/841 days 720..729 (730/8401) elapsed_s=229
[train] chunk 74/841 days 730..739 (740/8401) elapsed_s=232
[train] chunk 75/841 days 740..749 (750/8401) elapsed_s=235
[train] chunk 76/841 days 750..759 (760/8401) elapsed_s=239
[train] chunk 77/841 days 760..769 (770/8401) elapsed_s=242
[train] chunk 78/841 days 770..779 (780/8401) elapsed_s=245
[train] chunk 79/841 days 780..789 (790/8401) elapsed_s=248
[train] chunk 80/841 days 790..799 (800/8401) elapsed_s=252
[train] chunk 81/841 days 800..809 (810/8401) elapsed_s=255
[train] chunk 82/841 days 810..819 (820/8401) elapsed_s=259
[train] chunk 83/841 days 820..829 (830/8401) elapsed_s=262
[train] chunk 84/841 days 830..839 (840/8401) elapsed_s=265
[train] chunk 85/841 days 840..849 (850/8401) elapsed_s=268
[train] chunk 86/841 days 850..859 (860/8401) elapsed_s=271
[train] chunk 87/841 days 860..869 (870/8401) elapsed_s=275
[train] chunk 88/841 days 870..879 (880/8401) elapsed_s=278
[train] chunk 89/841 days 880..889 (890/8401) elapsed_s=281
[train] chunk 90/841 days 890..899 (900/8401) elapsed_s=284
[train] chunk 91/841 days 900..909 (910/8401) elapsed_s=288
[train] chunk 92/841 days 910..919 (920/8401) elapsed_s=291
[train] chunk 93/841 days 920..929 (930/8401) elapsed_s=294
[train] chunk 94/841 days 930..939 (940/8401) elapsed_s=297
[train] chunk 95/841 days 940..949 (950/8401) elapsed_s=299
[train] chunk 96/841 days 950..959 (960/8401) elapsed_s=302
[train] chunk 97/841 days 960..969 (970/8401) elapsed_s=305
[train] chunk 98/841 days 970..979 (980/8401) elapsed_s=309
[train] chunk 99/841 days 980..989 (990/8401) elapsed_s=312
[train] chunk 100/841 days 990..999 (1000/8401) elapsed_s=315
[train] chunk 101/841 days 1000..1009 (1010/8401) elapsed_s=318
[train] chunk 102/841 days 1010..1019 (1020/8401) elapsed_s=321
[train] chunk 103/841 days 1020..1029 (1030/8401) elapsed_s=324
[train] chunk 104/841 days 1030..1039 (1040/8401) elapsed_s=327
[train] chunk 105/841 days 1040..1049 (1050/8401) elapsed_s=330
[train] chunk 106/841 days 1050..1059 (1060/8401) elapsed_s=333
[train] chunk 107/841 days 1060..1069 (1070/8401) elapsed_s=336
[train] chunk 108/841 days 1070..1079 (1080/8401) elapsed_s=339
[train] chunk 109/841 days 1080..1089 (1090/8401) elapsed_s=342
[train] chunk 110/841 days 1090..1099 (1100/8401) elapsed_s=345
[train] chunk 111/841 days 1100..1109 (1110/8401) elapsed_s=349
[train] chunk 112/841 days 1110..1119 (1120/8401) elapsed_s=352
[train] chunk 113/841 days 1120..1129 (1130/8401) elapsed_s=355
[train] chunk 114/841 days 1130..1139 (1140/8401) elapsed_s=358
[train] chunk 115/841 days 1140..1149 (1150/8401) elapsed_s=361
[train] chunk 116/841 days 1150..1159 (1160/8401) elapsed_s=364
[train] chunk 117/841 days 1160..1169 (1170/8401) elapsed_s=367
[train] chunk 118/841 days 1170..1179 (1180/8401) elapsed_s=371
[train] chunk 119/841 days 1180..1189 (1190/8401) elapsed_s=374
[train] chunk 120/841 days 1190..1199 (1200/8401) elapsed_s=377
[train] chunk 121/841 days 1200..1209 (1210/8401) elapsed_s=380
[train] chunk 122/841 days 1210..1219 (1220/8401) elapsed_s=384
[train] chunk 123/841 days 1220..1229 (1230/8401) elapsed_s=387
[train] chunk 124/841 days 1230..1239 (1240/8401) elapsed_s=390
[train] chunk 125/841 days 1240..1249 (1250/8401) elapsed_s=394
[train] chunk 126/841 days 1250..1259 (1260/8401) elapsed_s=397
[train] chunk 127/841 days 1260..1269 (1270/8401) elapsed_s=400
[train] chunk 128/841 days 1270..1279 (1280/8401) elapsed_s=403
[train] chunk 129/841 days 1280..1289 (1290/8401) elapsed_s=406
[train] chunk 130/841 days 1290..1299 (1300/8401) elapsed_s=409
[train] chunk 131/841 days 1300..1309 (1310/8401) elapsed_s=412
[train] chunk 132/841 days 1310..1319 (1320/8401) elapsed_s=416
[train] chunk 133/841 days 1320..1329 (1330/8401) elapsed_s=419
[train] chunk 134/841 days 1330..1339 (1340/8401) elapsed_s=422
[train] chunk 135/841 days 1340..1349 (1350/8401) elapsed_s=425
[train] chunk 136/841 days 1350..1359 (1360/8401) elapsed_s=428
[train] chunk 137/841 days 1360..1369 (1370/8401) elapsed_s=431
[train] chunk 138/841 days 1370..1379 (1380/8401) elapsed_s=435
[train] chunk 139/841 days 1380..1389 (1390/8401) elapsed_s=438
[train] chunk 140/841 days 1390..1399 (1400/8401) elapsed_s=441
[train] chunk 141/841 days 1400..1409 (1410/8401) elapsed_s=444
[train] chunk 142/841 days 1410..1419 (1420/8401) elapsed_s=447
[train] chunk 143/841 days 1420..1429 (1430/8401) elapsed_s=450
[train] chunk 144/841 days 1430..1439 (1440/8401) elapsed_s=454
[train] chunk 145/841 days 1440..1449 (1450/8401) elapsed_s=457
[train] chunk 146/841 days 1450..1459 (1460/8401) elapsed_s=460
[train] chunk 147/841 days 1460..1469 (1470/8401) elapsed_s=463
[train] chunk 148/841 days 1470..1479 (1480/8401) elapsed_s=467
[train] chunk 149/841 days 1480..1489 (1490/8401) elapsed_s=471
[train] chunk 150/841 days 1490..1499 (1500/8401) elapsed_s=474
[train] chunk 151/841 days 1500..1509 (1510/8401) elapsed_s=477
[train] chunk 152/841 days 1510..1519 (1520/8401) elapsed_s=481
[train] chunk 153/841 days 1520..1529 (1530/8401) elapsed_s=484
[train] chunk 154/841 days 1530..1539 (1540/8401) elapsed_s=487
[train] chunk 155/841 days 1540..1549 (1550/8401) elapsed_s=490
[train] chunk 156/841 days 1550..1559 (1560/8401) elapsed_s=493
[train] chunk 157/841 days 1560..1569 (1570/8401) elapsed_s=496
[train] chunk 158/841 days 1570..1579 (1580/8401) elapsed_s=500
[train] chunk 159/841 days 1580..1589 (1590/8401) elapsed_s=503
[train] chunk 160/841 days 1590..1599 (1600/8401) elapsed_s=506
[train] chunk 161/841 days 1600..1609 (1610/8401) elapsed_s=509
[train] chunk 162/841 days 1610..1619 (1620/8401) elapsed_s=513
[train] chunk 163/841 days 1620..1629 (1630/8401) elapsed_s=516
[train] chunk 164/841 days 1630..1639 (1640/8401) elapsed_s=519
[train] chunk 165/841 days 1640..1649 (1650/8401) elapsed_s=523
[train] chunk 166/841 days 1650..1659 (1660/8401) elapsed_s=526
[train] chunk 167/841 days 1660..1669 (1670/8401) elapsed_s=530
[train] chunk 168/841 days 1670..1679 (1680/8401) elapsed_s=533
[train] chunk 169/841 days 1680..1689 (1690/8401) elapsed_s=536
[train] chunk 170/841 days 1690..1699 (1700/8401) elapsed_s=539
[train] chunk 171/841 days 1700..1709 (1710/8401) elapsed_s=542
[train] chunk 172/841 days 1710..1719 (1720/8401) elapsed_s=546
[train] chunk 173/841 days 1720..1729 (1730/8401) elapsed_s=549
[train] chunk 174/841 days 1730..1739 (1740/8401) elapsed_s=552
[train] chunk 175/841 days 1740..1749 (1750/8401) elapsed_s=555
[train] chunk 176/841 days 1750..1759 (1760/8401) elapsed_s=558
[train] chunk 177/841 days 1760..1769 (1770/8401) elapsed_s=561
[train] chunk 178/841 days 1770..1779 (1780/8401) elapsed_s=564
[train] chunk 179/841 days 1780..1789 (1790/8401) elapsed_s=567
[train] chunk 180/841 days 1790..1799 (1800/8401) elapsed_s=570
[train] chunk 181/841 days 1800..1809 (1810/8401) elapsed_s=574
[train] chunk 182/841 days 1810..1819 (1820/8401) elapsed_s=578
[train] chunk 183/841 days 1820..1829 (1830/8401) elapsed_s=582
[train] chunk 184/841 days 1830..1839 (1840/8401) elapsed_s=585
[train] chunk 185/841 days 1840..1849 (1850/8401) elapsed_s=588
[train] chunk 186/841 days 1850..1859 (1860/8401) elapsed_s=591
[train] chunk 187/841 days 1860..1869 (1870/8401) elapsed_s=594
[train] chunk 188/841 days 1870..1879 (1880/8401) elapsed_s=597
[train] chunk 189/841 days 1880..1889 (1890/8401) elapsed_s=600
[train] chunk 190/841 days 1890..1899 (1900/8401) elapsed_s=603
[train] chunk 191/841 days 1900..1909 (1910/8401) elapsed_s=606
[train] chunk 192/841 days 1910..1919 (1920/8401) elapsed_s=610
[train] chunk 193/841 days 1920..1929 (1930/8401) elapsed_s=613
[train] chunk 194/841 days 1930..1939 (1940/8401) elapsed_s=616
[train] chunk 195/841 days 1940..1949 (1950/8401) elapsed_s=620
[train] chunk 196/841 days 1950..1959 (1960/8401) elapsed_s=624
[train] chunk 197/841 days 1960..1969 (1970/8401) elapsed_s=627
[train] chunk 198/841 days 1970..1979 (1980/8401) elapsed_s=631
[train] chunk 199/841 days 1980..1989 (1990/8401) elapsed_s=634
[train] chunk 200/841 days 1990..1999 (2000/8401) elapsed_s=638
[train] chunk 201/841 days 2000..2009 (2010/8401) elapsed_s=641
[train] chunk 202/841 days 2010..2019 (2020/8401) elapsed_s=644
[train] chunk 203/841 days 2020..2029 (2030/8401) elapsed_s=648
[train] chunk 204/841 days 2030..2039 (2040/8401) elapsed_s=651
[train] chunk 205/841 days 2040..2049 (2050/8401) elapsed_s=655
[train] chunk 206/841 days 2050..2059 (2060/8401) elapsed_s=658
[train] chunk 207/841 days 2060..2069 (2070/8401) elapsed_s=662
[train] chunk 208/841 days 2070..2079 (2080/8401) elapsed_s=666
[train] chunk 209/841 days 2080..2089 (2090/8401) elapsed_s=670
[train] chunk 210/841 days 2090..2099 (2100/8401) elapsed_s=674
[train] chunk 211/841 days 2100..2109 (2110/8401) elapsed_s=677
[train] chunk 212/841 days 2110..2119 (2120/8401) elapsed_s=680
[train] chunk 213/841 days 2120..2129 (2130/8401) elapsed_s=683
[train] chunk 214/841 days 2130..2139 (2140/8401) elapsed_s=687
[train] chunk 215/841 days 2140..2149 (2150/8401) elapsed_s=690
[train] chunk 216/841 days 2150..2159 (2160/8401) elapsed_s=693
[train] chunk 217/841 days 2160..2169 (2170/8401) elapsed_s=696
[train] chunk 218/841 days 2170..2179 (2180/8401) elapsed_s=699
[train] chunk 219/841 days 2180..2189 (2190/8401) elapsed_s=702
[train] chunk 220/841 days 2190..2199 (2200/8401) elapsed_s=705
[train] chunk 221/841 days 2200..2209 (2210/8401) elapsed_s=708
[train] chunk 222/841 days 2210..2219 (2220/8401) elapsed_s=712
[train] chunk 223/841 days 2220..2229 (2230/8401) elapsed_s=715
[train] chunk 224/841 days 2230..2239 (2240/8401) elapsed_s=718
[train] chunk 225/841 days 2240..2249 (2250/8401) elapsed_s=721
[train] chunk 226/841 days 2250..2259 (2260/8401) elapsed_s=724
[train] chunk 227/841 days 2260..2269 (2270/8401) elapsed_s=727
[train] chunk 228/841 days 2270..2279 (2280/8401) elapsed_s=731
[train] chunk 229/841 days 2280..2289 (2290/8401) elapsed_s=734
[train] chunk 230/841 days 2290..2299 (2300/8401) elapsed_s=737
[train] chunk 231/841 days 2300..2309 (2310/8401) elapsed_s=740
[train] chunk 232/841 days 2310..2319 (2320/8401) elapsed_s=743
[train] chunk 233/841 days 2320..2329 (2330/8401) elapsed_s=747
[train] chunk 234/841 days 2330..2339 (2340/8401) elapsed_s=750
[train] chunk 235/841 days 2340..2349 (2350/8401) elapsed_s=753
[train] chunk 236/841 days 2350..2359 (2360/8401) elapsed_s=756
[train] chunk 237/841 days 2360..2369 (2370/8401) elapsed_s=759
[train] chunk 238/841 days 2370..2379 (2380/8401) elapsed_s=763
[train] chunk 239/841 days 2380..2389 (2390/8401) elapsed_s=766
[train] chunk 240/841 days 2390..2399 (2400/8401) elapsed_s=771
[train] chunk 241/841 days 2400..2409 (2410/8401) elapsed_s=775
[train] chunk 242/841 days 2410..2419 (2420/8401) elapsed_s=779
[train] chunk 243/841 days 2420..2429 (2430/8401) elapsed_s=782
[train] chunk 244/841 days 2430..2439 (2440/8401) elapsed_s=786
[train] chunk 245/841 days 2440..2449 (2450/8401) elapsed_s=789
[train] chunk 246/841 days 2450..2459 (2460/8401) elapsed_s=793
[train] chunk 247/841 days 2460..2469 (2470/8401) elapsed_s=796
[train] chunk 248/841 days 2470..2479 (2480/8401) elapsed_s=800
[train] chunk 249/841 days 2480..2489 (2490/8401) elapsed_s=804
[train] chunk 250/841 days 2490..2499 (2500/8401) elapsed_s=807
[train] chunk 251/841 days 2500..2509 (2510/8401) elapsed_s=811
[train] chunk 252/841 days 2510..2519 (2520/8401) elapsed_s=816
[train] chunk 253/841 days 2520..2529 (2530/8401) elapsed_s=819
[train] chunk 254/841 days 2530..2539 (2540/8401) elapsed_s=823
[train] chunk 255/841 days 2540..2549 (2550/8401) elapsed_s=826
[train] chunk 256/841 days 2550..2559 (2560/8401) elapsed_s=829
[train] chunk 257/841 days 2560..2569 (2570/8401) elapsed_s=832
[train] chunk 258/841 days 2570..2579 (2580/8401) elapsed_s=836
[train] chunk 259/841 days 2580..2589 (2590/8401) elapsed_s=839
[train] chunk 260/841 days 2590..2599 (2600/8401) elapsed_s=843
[train] chunk 261/841 days 2600..2609 (2610/8401) elapsed_s=846
[train] chunk 262/841 days 2610..2619 (2620/8401) elapsed_s=850
[train] chunk 263/841 days 2620..2629 (2630/8401) elapsed_s=853
[train] chunk 264/841 days 2630..2639 (2640/8401) elapsed_s=856
[train] chunk 265/841 days 2640..2649 (2650/8401) elapsed_s=860
[train] chunk 266/841 days 2650..2659 (2660/8401) elapsed_s=863
[train] chunk 267/841 days 2660..2669 (2670/8401) elapsed_s=866
[train] chunk 268/841 days 2670..2679 (2680/8401) elapsed_s=870
[train] chunk 269/841 days 2680..2689 (2690/8401) elapsed_s=873
[train] chunk 270/841 days 2690..2699 (2700/8401) elapsed_s=877
[train] chunk 271/841 days 2700..2709 (2710/8401) elapsed_s=880
[train] chunk 272/841 days 2710..2719 (2720/8401) elapsed_s=883
[train] chunk 273/841 days 2720..2729 (2730/8401) elapsed_s=886
[train] chunk 274/841 days 2730..2739 (2740/8401) elapsed_s=889
[train] chunk 275/841 days 2740..2749 (2750/8401) elapsed_s=892
[train] chunk 276/841 days 2750..2759 (2760/8401) elapsed_s=896
[train] chunk 277/841 days 2760..2769 (2770/8401) elapsed_s=899
[train] chunk 278/841 days 2770..2779 (2780/8401) elapsed_s=903
[train] chunk 279/841 days 2780..2789 (2790/8401) elapsed_s=906
[train] chunk 280/841 days 2790..2799 (2800/8401) elapsed_s=910
[train] chunk 281/841 days 2800..2809 (2810/8401) elapsed_s=913
[train] chunk 282/841 days 2810..2819 (2820/8401) elapsed_s=917
[train] chunk 283/841 days 2820..2829 (2830/8401) elapsed_s=920
[train] chunk 284/841 days 2830..2839 (2840/8401) elapsed_s=924
[train] chunk 285/841 days 2840..2849 (2850/8401) elapsed_s=928
[train] chunk 286/841 days 2850..2859 (2860/8401) elapsed_s=932
[train] chunk 287/841 days 2860..2869 (2870/8401) elapsed_s=936
[train] chunk 288/841 days 2870..2879 (2880/8401) elapsed_s=940
[train] chunk 289/841 days 2880..2889 (2890/8401) elapsed_s=944
[train] chunk 290/841 days 2890..2899 (2900/8401) elapsed_s=947
[train] chunk 291/841 days 2900..2909 (2910/8401) elapsed_s=950
[train] chunk 292/841 days 2910..2919 (2920/8401) elapsed_s=953
[train] chunk 293/841 days 2920..2929 (2930/8401) elapsed_s=957
[train] chunk 294/841 days 2930..2939 (2940/8401) elapsed_s=960
[train] chunk 295/841 days 2940..2949 (2950/8401) elapsed_s=963
[train] chunk 296/841 days 2950..2959 (2960/8401) elapsed_s=966
[train] chunk 297/841 days 2960..2969 (2970/8401) elapsed_s=969
[train] chunk 298/841 days 2970..2979 (2980/8401) elapsed_s=972
[train] chunk 299/841 days 2980..2989 (2990/8401) elapsed_s=975
[train] chunk 300/841 days 2990..2999 (3000/8401) elapsed_s=978
[train] chunk 301/841 days 3000..3009 (3010/8401) elapsed_s=981
[train] chunk 302/841 days 3010..3019 (3020/8401) elapsed_s=984
[train] chunk 303/841 days 3020..3029 (3030/8401) elapsed_s=988
[train] chunk 304/841 days 3030..3039 (3040/8401) elapsed_s=991
[train] chunk 305/841 days 3040..3049 (3050/8401) elapsed_s=994
[train] chunk 306/841 days 3050..3059 (3060/8401) elapsed_s=997
[train] chunk 307/841 days 3060..3069 (3070/8401) elapsed_s=1000
[train] chunk 308/841 days 3070..3079 (3080/8401) elapsed_s=1003
[train] chunk 309/841 days 3080..3089 (3090/8401) elapsed_s=1006
[train] chunk 310/841 days 3090..3099 (3100/8401) elapsed_s=1009
[train] chunk 311/841 days 3100..3109 (3110/8401) elapsed_s=1013
[train] chunk 312/841 days 3110..3119 (3120/8401) elapsed_s=1016
[train] chunk 313/841 days 3120..3129 (3130/8401) elapsed_s=1019
[train] chunk 314/841 days 3130..3139 (3140/8401) elapsed_s=1022
[train] chunk 315/841 days 3140..3149 (3150/8401) elapsed_s=1025
[train] chunk 316/841 days 3150..3159 (3160/8401) elapsed_s=1028
[train] chunk 317/841 days 3160..3169 (3170/8401) elapsed_s=1031
[train] chunk 318/841 days 3170..3179 (3180/8401) elapsed_s=1034
[train] chunk 319/841 days 3180..3189 (3190/8401) elapsed_s=1038
[train] chunk 320/841 days 3190..3199 (3200/8401) elapsed_s=1041
[train] chunk 321/841 days 3200..3209 (3210/8401) elapsed_s=1045
[train] chunk 322/841 days 3210..3219 (3220/8401) elapsed_s=1048
[train] chunk 323/841 days 3220..3229 (3230/8401) elapsed_s=1051
[train] chunk 324/841 days 3230..3239 (3240/8401) elapsed_s=1054
[train] chunk 325/841 days 3240..3249 (3250/8401) elapsed_s=1058
[train] chunk 326/841 days 3250..3259 (3260/8401) elapsed_s=1061
[train] chunk 327/841 days 3260..3269 (3270/8401) elapsed_s=1064
[train] chunk 328/841 days 3270..3279 (3280/8401) elapsed_s=1068
[train] chunk 329/841 days 3280..3289 (3290/8401) elapsed_s=1071
[train] chunk 330/841 days 3290..3299 (3300/8401) elapsed_s=1074
[train] chunk 331/841 days 3300..3309 (3310/8401) elapsed_s=1077
[train] chunk 332/841 days 3310..3319 (3320/8401) elapsed_s=1081
[train] chunk 333/841 days 3320..3329 (3330/8401) elapsed_s=1084
[train] chunk 334/841 days 3330..3339 (3340/8401) elapsed_s=1088
[train] chunk 335/841 days 3340..3349 (3350/8401) elapsed_s=1092
[train] chunk 336/841 days 3350..3359 (3360/8401) elapsed_s=1095
[train] chunk 337/841 days 3360..3369 (3370/8401) elapsed_s=1098
[train] chunk 338/841 days 3370..3379 (3380/8401) elapsed_s=1102
[train] chunk 339/841 days 3380..3389 (3390/8401) elapsed_s=1105
[train] chunk 340/841 days 3390..3399 (3400/8401) elapsed_s=1108
[train] chunk 341/841 days 3400..3409 (3410/8401) elapsed_s=1112
[train] chunk 342/841 days 3410..3419 (3420/8401) elapsed_s=1115
[train] chunk 343/841 days 3420..3429 (3430/8401) elapsed_s=1118
[train] chunk 344/841 days 3430..3439 (3440/8401) elapsed_s=1121
[train] chunk 345/841 days 3440..3449 (3450/8401) elapsed_s=1124
[train] chunk 346/841 days 3450..3459 (3460/8401) elapsed_s=1127
[train] chunk 347/841 days 3460..3469 (3470/8401) elapsed_s=1131
[train] chunk 348/841 days 3470..3479 (3480/8401) elapsed_s=1134
[train] chunk 349/841 days 3480..3489 (3490/8401) elapsed_s=1137
[train] chunk 350/841 days 3490..3499 (3500/8401) elapsed_s=1140
[train] chunk 351/841 days 3500..3509 (3510/8401) elapsed_s=1143
[train] chunk 352/841 days 3510..3519 (3520/8401) elapsed_s=1146
[train] chunk 353/841 days 3520..3529 (3530/8401) elapsed_s=1149
[train] chunk 354/841 days 3530..3539 (3540/8401) elapsed_s=1152
[train] chunk 355/841 days 3540..3549 (3550/8401) elapsed_s=1155
[train] chunk 356/841 days 3550..3559 (3560/8401) elapsed_s=1158
[train] chunk 357/841 days 3560..3569 (3570/8401) elapsed_s=1161
[train] chunk 358/841 days 3570..3579 (3580/8401) elapsed_s=1164
[train] chunk 359/841 days 3580..3589 (3590/8401) elapsed_s=1167
[train] chunk 360/841 days 3590..3599 (3600/8401) elapsed_s=1170
[train] chunk 361/841 days 3600..3609 (3610/8401) elapsed_s=1173
[train] chunk 362/841 days 3610..3619 (3620/8401) elapsed_s=1177
[train] chunk 363/841 days 3620..3629 (3630/8401) elapsed_s=1179
[train] chunk 364/841 days 3630..3639 (3640/8401) elapsed_s=1182
[train] chunk 365/841 days 3640..3649 (3650/8401) elapsed_s=1185
[train] chunk 366/841 days 3650..3659 (3660/8401) elapsed_s=1188
[train] chunk 367/841 days 3660..3669 (3670/8401) elapsed_s=1191
[train] chunk 368/841 days 3670..3679 (3680/8401) elapsed_s=1194
[train] chunk 369/841 days 3680..3689 (3690/8401) elapsed_s=1197
[train] chunk 370/841 days 3690..3699 (3700/8401) elapsed_s=1200
[train] chunk 371/841 days 3700..3709 (3710/8401) elapsed_s=1203
[train] chunk 372/841 days 3710..3719 (3720/8401) elapsed_s=1207
[train] chunk 373/841 days 3720..3729 (3730/8401) elapsed_s=1210
[train] chunk 374/841 days 3730..3739 (3740/8401) elapsed_s=1213
[train] chunk 375/841 days 3740..3749 (3750/8401) elapsed_s=1216
[train] chunk 376/841 days 3750..3759 (3760/8401) elapsed_s=1219
[train] chunk 377/841 days 3760..3769 (3770/8401) elapsed_s=1222
[train] chunk 378/841 days 3770..3779 (3780/8401) elapsed_s=1225
[train] chunk 379/841 days 3780..3789 (3790/8401) elapsed_s=1229
[train] chunk 380/841 days 3790..3799 (3800/8401) elapsed_s=1232
[train] chunk 381/841 days 3800..3809 (3810/8401) elapsed_s=1235
[train] chunk 382/841 days 3810..3819 (3820/8401) elapsed_s=1239
[train] chunk 383/841 days 3820..3829 (3830/8401) elapsed_s=1242
[train] chunk 384/841 days 3830..3839 (3840/8401) elapsed_s=1246
[train] chunk 385/841 days 3840..3849 (3850/8401) elapsed_s=1249
[train] chunk 386/841 days 3850..3859 (3860/8401) elapsed_s=1252
[train] chunk 387/841 days 3860..3869 (3870/8401) elapsed_s=1256
[train] chunk 388/841 days 3870..3879 (3880/8401) elapsed_s=1259
[train] chunk 389/841 days 3880..3889 (3890/8401) elapsed_s=1262
[train] chunk 390/841 days 3890..3899 (3900/8401) elapsed_s=1265
[train] chunk 391/841 days 3900..3909 (3910/8401) elapsed_s=1268
[train] chunk 392/841 days 3910..3919 (3920/8401) elapsed_s=1271
[train] chunk 393/841 days 3920..3929 (3930/8401) elapsed_s=1278
[train] chunk 394/841 days 3930..3939 (3940/8401) elapsed_s=1282
[train] chunk 395/841 days 3940..3949 (3950/8401) elapsed_s=1285
[train] chunk 396/841 days 3950..3959 (3960/8401) elapsed_s=1289
[train] chunk 397/841 days 3960..3969 (3970/8401) elapsed_s=1292
[train] chunk 398/841 days 3970..3979 (3980/8401) elapsed_s=1296
[train] chunk 399/841 days 3980..3989 (3990/8401) elapsed_s=1299
[train] chunk 400/841 days 3990..3999 (4000/8401) elapsed_s=1303
[train] chunk 401/841 days 4000..4009 (4010/8401) elapsed_s=1306
[train] chunk 402/841 days 4010..4019 (4020/8401) elapsed_s=1310
[train] chunk 403/841 days 4020..4029 (4030/8401) elapsed_s=1313
[train] chunk 404/841 days 4030..4039 (4040/8401) elapsed_s=1316
[train] chunk 405/841 days 4040..4049 (4050/8401) elapsed_s=1319
[train] chunk 406/841 days 4050..4059 (4060/8401) elapsed_s=1323
[train] chunk 407/841 days 4060..4069 (4070/8401) elapsed_s=1326
[train] chunk 408/841 days 4070..4079 (4080/8401) elapsed_s=1330
[train] chunk 409/841 days 4080..4089 (4090/8401) elapsed_s=1333
[train] chunk 410/841 days 4090..4099 (4100/8401) elapsed_s=1337
[train] chunk 411/841 days 4100..4109 (4110/8401) elapsed_s=1340
[train] chunk 412/841 days 4110..4119 (4120/8401) elapsed_s=1343
[train] chunk 413/841 days 4120..4129 (4130/8401) elapsed_s=1346
[train] chunk 414/841 days 4130..4139 (4140/8401) elapsed_s=1350
[train] chunk 415/841 days 4140..4149 (4150/8401) elapsed_s=1353
[train] chunk 416/841 days 4150..4159 (4160/8401) elapsed_s=1357
[train] chunk 417/841 days 4160..4169 (4170/8401) elapsed_s=1360
[train] chunk 418/841 days 4170..4179 (4180/8401) elapsed_s=1363
[train] chunk 419/841 days 4180..4189 (4190/8401) elapsed_s=1367
[train] chunk 420/841 days 4190..4199 (4200/8401) elapsed_s=1371
[train] chunk 421/841 days 4200..4209 (4210/8401) elapsed_s=1374
[train] chunk 422/841 days 4210..4219 (4220/8401) elapsed_s=1378
[train] chunk 423/841 days 4220..4229 (4230/8401) elapsed_s=1381
[train] chunk 424/841 days 4230..4239 (4240/8401) elapsed_s=1384
[train] chunk 425/841 days 4240..4249 (4250/8401) elapsed_s=1387
[train] chunk 426/841 days 4250..4259 (4260/8401) elapsed_s=1391
[train] chunk 427/841 days 4260..4269 (4270/8401) elapsed_s=1394
[train] chunk 428/841 days 4270..4279 (4280/8401) elapsed_s=1397
[train] chunk 429/841 days 4280..4289 (4290/8401) elapsed_s=1400
[train] chunk 430/841 days 4290..4299 (4300/8401) elapsed_s=1404
[train] chunk 431/841 days 4300..4309 (4310/8401) elapsed_s=1407
[train] chunk 432/841 days 4310..4319 (4320/8401) elapsed_s=1410
[train] chunk 433/841 days 4320..4329 (4330/8401) elapsed_s=1413
[train] chunk 434/841 days 4330..4339 (4340/8401) elapsed_s=1417
[train] chunk 435/841 days 4340..4349 (4350/8401) elapsed_s=1420
[train] chunk 436/841 days 4350..4359 (4360/8401) elapsed_s=1423
[train] chunk 437/841 days 4360..4369 (4370/8401) elapsed_s=1427
[train] chunk 438/841 days 4370..4379 (4380/8401) elapsed_s=1430
[train] chunk 439/841 days 4380..4389 (4390/8401) elapsed_s=1433
[train] chunk 440/841 days 4390..4399 (4400/8401) elapsed_s=1436
[train] chunk 441/841 days 4400..4409 (4410/8401) elapsed_s=1440
[train] chunk 442/841 days 4410..4419 (4420/8401) elapsed_s=1443
[train] chunk 443/841 days 4420..4429 (4430/8401) elapsed_s=1446
[train] chunk 444/841 days 4430..4439 (4440/8401) elapsed_s=1449
[train] chunk 445/841 days 4440..4449 (4450/8401) elapsed_s=1453
[train] chunk 446/841 days 4450..4459 (4460/8401) elapsed_s=1456
[train] chunk 447/841 days 4460..4469 (4470/8401) elapsed_s=1459
[train] chunk 448/841 days 4470..4479 (4480/8401) elapsed_s=1462
[train] chunk 449/841 days 4480..4489 (4490/8401) elapsed_s=1465
[train] chunk 450/841 days 4490..4499 (4500/8401) elapsed_s=1468
[train] chunk 451/841 days 4500..4509 (4510/8401) elapsed_s=1473
[train] chunk 452/841 days 4510..4519 (4520/8401) elapsed_s=1477
[train] chunk 453/841 days 4520..4529 (4530/8401) elapsed_s=1481
[train] chunk 454/841 days 4530..4539 (4540/8401) elapsed_s=1485
[train] chunk 455/841 days 4540..4549 (4550/8401) elapsed_s=1489
[train] chunk 456/841 days 4550..4559 (4560/8401) elapsed_s=1493
[train] chunk 457/841 days 4560..4569 (4570/8401) elapsed_s=1496
[train] chunk 458/841 days 4570..4579 (4580/8401) elapsed_s=1500
[train] chunk 459/841 days 4580..4589 (4590/8401) elapsed_s=1503
[train] chunk 460/841 days 4590..4599 (4600/8401) elapsed_s=1506
[train] chunk 461/841 days 4600..4609 (4610/8401) elapsed_s=1509
[train] chunk 462/841 days 4610..4619 (4620/8401) elapsed_s=1513
[train] chunk 463/841 days 4620..4629 (4630/8401) elapsed_s=1516
[train] chunk 464/841 days 4630..4639 (4640/8401) elapsed_s=1520
[train] chunk 465/841 days 4640..4649 (4650/8401) elapsed_s=1523
[train] chunk 466/841 days 4650..4659 (4660/8401) elapsed_s=1527
[train] chunk 467/841 days 4660..4669 (4670/8401) elapsed_s=1530
[train] chunk 468/841 days 4670..4679 (4680/8401) elapsed_s=1534
[train] chunk 469/841 days 4680..4689 (4690/8401) elapsed_s=1538
[train] chunk 470/841 days 4690..4699 (4700/8401) elapsed_s=1542
[train] chunk 471/841 days 4700..4709 (4710/8401) elapsed_s=1545
[train] chunk 472/841 days 4710..4719 (4720/8401) elapsed_s=1549
[train] chunk 473/841 days 4720..4729 (4730/8401) elapsed_s=1552
[train] chunk 474/841 days 4730..4739 (4740/8401) elapsed_s=1556
[train] chunk 475/841 days 4740..4749 (4750/8401) elapsed_s=1559
[train] chunk 476/841 days 4750..4759 (4760/8401) elapsed_s=1563
[train] chunk 477/841 days 4760..4769 (4770/8401) elapsed_s=1566
[train] chunk 478/841 days 4770..4779 (4780/8401) elapsed_s=1569
[train] chunk 479/841 days 4780..4789 (4790/8401) elapsed_s=1572
[train] chunk 480/841 days 4790..4799 (4800/8401) elapsed_s=1576
[train] chunk 481/841 days 4800..4809 (4810/8401) elapsed_s=1579
[train] chunk 482/841 days 4810..4819 (4820/8401) elapsed_s=1582
[train] chunk 483/841 days 4820..4829 (4830/8401) elapsed_s=1585
[train] chunk 484/841 days 4830..4839 (4840/8401) elapsed_s=1588
[train] chunk 485/841 days 4840..4849 (4850/8401) elapsed_s=1592
[train] chunk 486/841 days 4850..4859 (4860/8401) elapsed_s=1596
[train] chunk 487/841 days 4860..4869 (4870/8401) elapsed_s=1600
[train] chunk 488/841 days 4870..4879 (4880/8401) elapsed_s=1603
[train] chunk 489/841 days 4880..4889 (4890/8401) elapsed_s=1607
[train] chunk 490/841 days 4890..4899 (4900/8401) elapsed_s=1611
[train] chunk 491/841 days 4900..4909 (4910/8401) elapsed_s=1614
[train] chunk 492/841 days 4910..4919 (4920/8401) elapsed_s=1617
[train] chunk 493/841 days 4920..4929 (4930/8401) elapsed_s=1621
[train] chunk 494/841 days 4930..4939 (4940/8401) elapsed_s=1624
[train] chunk 495/841 days 4940..4949 (4950/8401) elapsed_s=1627
[train] chunk 496/841 days 4950..4959 (4960/8401) elapsed_s=1630
[train] chunk 497/841 days 4960..4969 (4970/8401) elapsed_s=1633
[train] chunk 498/841 days 4970..4979 (4980/8401) elapsed_s=1637
[train] chunk 499/841 days 4980..4989 (4990/8401) elapsed_s=1640
[train] chunk 500/841 days 4990..4999 (5000/8401) elapsed_s=1643
[train] chunk 501/841 days 5000..5009 (5010/8401) elapsed_s=1646
[train] chunk 502/841 days 5010..5019 (5020/8401) elapsed_s=1649
[train] chunk 503/841 days 5020..5029 (5030/8401) elapsed_s=1653
[train] chunk 504/841 days 5030..5039 (5040/8401) elapsed_s=1657
[train] chunk 505/841 days 5040..5049 (5050/8401) elapsed_s=1660
[train] chunk 506/841 days 5050..5059 (5060/8401) elapsed_s=1664
[train] chunk 507/841 days 5060..5069 (5070/8401) elapsed_s=1668
[train] chunk 508/841 days 5070..5079 (5080/8401) elapsed_s=1672
[train] chunk 509/841 days 5080..5089 (5090/8401) elapsed_s=1675
[train] chunk 510/841 days 5090..5099 (5100/8401) elapsed_s=1678
[train] chunk 511/841 days 5100..5109 (5110/8401) elapsed_s=1681
[train] chunk 512/841 days 5110..5119 (5120/8401) elapsed_s=1684
[train] chunk 513/841 days 5120..5129 (5130/8401) elapsed_s=1687
[train] chunk 514/841 days 5130..5139 (5140/8401) elapsed_s=1690
[train] chunk 515/841 days 5140..5149 (5150/8401) elapsed_s=1693
[train] chunk 516/841 days 5150..5159 (5160/8401) elapsed_s=1696
[train] chunk 517/841 days 5160..5169 (5170/8401) elapsed_s=1699
[train] chunk 518/841 days 5170..5179 (5180/8401) elapsed_s=1702
[train] chunk 519/841 days 5180..5189 (5190/8401) elapsed_s=1705
[train] chunk 520/841 days 5190..5199 (5200/8401) elapsed_s=1708
[train] chunk 521/841 days 5200..5209 (5210/8401) elapsed_s=1712
[train] chunk 522/841 days 5210..5219 (5220/8401) elapsed_s=1716
[train] chunk 523/841 days 5220..5229 (5230/8401) elapsed_s=1720
[train] chunk 524/841 days 5230..5239 (5240/8401) elapsed_s=1724
[train] chunk 525/841 days 5240..5249 (5250/8401) elapsed_s=1728
[train] chunk 526/841 days 5250..5259 (5260/8401) elapsed_s=1731
[train] chunk 527/841 days 5260..5269 (5270/8401) elapsed_s=1735
[train] chunk 528/841 days 5270..5279 (5280/8401) elapsed_s=1738
[train] chunk 529/841 days 5280..5289 (5290/8401) elapsed_s=1741
[train] chunk 530/841 days 5290..5299 (5300/8401) elapsed_s=1744
[train] chunk 531/841 days 5300..5309 (5310/8401) elapsed_s=1748
[train] chunk 532/841 days 5310..5319 (5320/8401) elapsed_s=1751
[train] chunk 533/841 days 5320..5329 (5330/8401) elapsed_s=1754
[train] chunk 534/841 days 5330..5339 (5340/8401) elapsed_s=1758
[train] chunk 535/841 days 5340..5349 (5350/8401) elapsed_s=1761
[train] chunk 536/841 days 5350..5359 (5360/8401) elapsed_s=1764
[train] chunk 537/841 days 5360..5369 (5370/8401) elapsed_s=1768
[train] chunk 538/841 days 5370..5379 (5380/8401) elapsed_s=1771
[train] chunk 539/841 days 5380..5389 (5390/8401) elapsed_s=1775
[train] chunk 540/841 days 5390..5399 (5400/8401) elapsed_s=1778
[train] chunk 541/841 days 5400..5409 (5410/8401) elapsed_s=1782
[train] chunk 542/841 days 5410..5419 (5420/8401) elapsed_s=1785
[train] chunk 543/841 days 5420..5429 (5430/8401) elapsed_s=1789
[train] chunk 544/841 days 5430..5439 (5440/8401) elapsed_s=1792
[train] chunk 545/841 days 5440..5449 (5450/8401) elapsed_s=1796
[train] chunk 546/841 days 5450..5459 (5460/8401) elapsed_s=1799
[train] chunk 547/841 days 5460..5469 (5470/8401) elapsed_s=1802
[train] chunk 548/841 days 5470..5479 (5480/8401) elapsed_s=1806
[train] chunk 549/841 days 5480..5489 (5490/8401) elapsed_s=1809
[train] chunk 550/841 days 5490..5499 (5500/8401) elapsed_s=1813
[train] chunk 551/841 days 5500..5509 (5510/8401) elapsed_s=1816
[train] chunk 552/841 days 5510..5519 (5520/8401) elapsed_s=1819
[train] chunk 553/841 days 5520..5529 (5530/8401) elapsed_s=1823
[train] chunk 554/841 days 5530..5539 (5540/8401) elapsed_s=1826
[train] chunk 555/841 days 5540..5549 (5550/8401) elapsed_s=1830
[train] chunk 556/841 days 5550..5559 (5560/8401) elapsed_s=1834
[train] chunk 557/841 days 5560..5569 (5570/8401) elapsed_s=1838
[train] chunk 558/841 days 5570..5579 (5580/8401) elapsed_s=1842
[train] chunk 559/841 days 5580..5589 (5590/8401) elapsed_s=1846
[train] chunk 560/841 days 5590..5599 (5600/8401) elapsed_s=1849
[train] chunk 561/841 days 5600..5609 (5610/8401) elapsed_s=1853
[train] chunk 562/841 days 5610..5619 (5620/8401) elapsed_s=1856
[train] chunk 563/841 days 5620..5629 (5630/8401) elapsed_s=1859
[train] chunk 564/841 days 5630..5639 (5640/8401) elapsed_s=1863
[train] chunk 565/841 days 5640..5649 (5650/8401) elapsed_s=1866
[train] chunk 566/841 days 5650..5659 (5660/8401) elapsed_s=1870
[train] chunk 567/841 days 5660..5669 (5670/8401) elapsed_s=1873
[train] chunk 568/841 days 5670..5679 (5680/8401) elapsed_s=1877
[train] chunk 569/841 days 5680..5689 (5690/8401) elapsed_s=1880
[train] chunk 570/841 days 5690..5699 (5700/8401) elapsed_s=1884
[train] chunk 571/841 days 5700..5709 (5710/8401) elapsed_s=1887
[train] chunk 572/841 days 5710..5719 (5720/8401) elapsed_s=1891
[train] chunk 573/841 days 5720..5729 (5730/8401) elapsed_s=1894
[train] chunk 574/841 days 5730..5739 (5740/8401) elapsed_s=1898
[train] chunk 575/841 days 5740..5749 (5750/8401) elapsed_s=1901
[train] chunk 576/841 days 5750..5759 (5760/8401) elapsed_s=1904
[train] chunk 577/841 days 5760..5769 (5770/8401) elapsed_s=1908
[train] chunk 578/841 days 5770..5779 (5780/8401) elapsed_s=1911
[train] chunk 579/841 days 5780..5789 (5790/8401) elapsed_s=1915
[train] chunk 580/841 days 5790..5799 (5800/8401) elapsed_s=1918
[train] chunk 581/841 days 5800..5809 (5810/8401) elapsed_s=1922
[train] chunk 582/841 days 5810..5819 (5820/8401) elapsed_s=1925
[train] chunk 583/841 days 5820..5829 (5830/8401) elapsed_s=1928
[train] chunk 584/841 days 5830..5839 (5840/8401) elapsed_s=1932
[train] chunk 585/841 days 5840..5849 (5850/8401) elapsed_s=1935
[train] chunk 586/841 days 5850..5859 (5860/8401) elapsed_s=1938
[train] chunk 587/841 days 5860..5869 (5870/8401) elapsed_s=1942
[train] chunk 588/841 days 5870..5879 (5880/8401) elapsed_s=1945
[train] chunk 589/841 days 5880..5889 (5890/8401) elapsed_s=1948
[train] chunk 590/841 days 5890..5899 (5900/8401) elapsed_s=1952
[train] chunk 591/841 days 5900..5909 (5910/8401) elapsed_s=1955
[train] chunk 592/841 days 5910..5919 (5920/8401) elapsed_s=1958
[train] chunk 593/841 days 5920..5929 (5930/8401) elapsed_s=1962
[train] chunk 594/841 days 5930..5939 (5940/8401) elapsed_s=1965
[train] chunk 595/841 days 5940..5949 (5950/8401) elapsed_s=1969
[train] chunk 596/841 days 5950..5959 (5960/8401) elapsed_s=1972
[train] chunk 597/841 days 5960..5969 (5970/8401) elapsed_s=1975
[train] chunk 598/841 days 5970..5979 (5980/8401) elapsed_s=1979
[train] chunk 599/841 days 5980..5989 (5990/8401) elapsed_s=1982
[train] chunk 600/841 days 5990..5999 (6000/8401) elapsed_s=1986
[train] chunk 601/841 days 6000..6009 (6010/8401) elapsed_s=1989
[train] chunk 602/841 days 6010..6019 (6020/8401) elapsed_s=1992
[train] chunk 603/841 days 6020..6029 (6030/8401) elapsed_s=1995
[train] chunk 604/841 days 6030..6039 (6040/8401) elapsed_s=1999
[train] chunk 605/841 days 6040..6049 (6050/8401) elapsed_s=2002
[train] chunk 606/841 days 6050..6059 (6060/8401) elapsed_s=2006
[train] chunk 607/841 days 6060..6069 (6070/8401) elapsed_s=2009
[train] chunk 608/841 days 6070..6079 (6080/8401) elapsed_s=2012
[train] chunk 609/841 days 6080..6089 (6090/8401) elapsed_s=2016
[train] chunk 610/841 days 6090..6099 (6100/8401) elapsed_s=2019
[train] chunk 611/841 days 6100..6109 (6110/8401) elapsed_s=2022
[train] chunk 612/841 days 6110..6119 (6120/8401) elapsed_s=2025
[train] chunk 613/841 days 6120..6129 (6130/8401) elapsed_s=2029
[train] chunk 614/841 days 6130..6139 (6140/8401) elapsed_s=2032
[train] chunk 615/841 days 6140..6149 (6150/8401) elapsed_s=2036
[train] chunk 616/841 days 6150..6159 (6160/8401) elapsed_s=2039
[train] chunk 617/841 days 6160..6169 (6170/8401) elapsed_s=2042
[train] chunk 618/841 days 6170..6179 (6180/8401) elapsed_s=2046
[train] chunk 619/841 days 6180..6189 (6190/8401) elapsed_s=2049
[train] chunk 620/841 days 6190..6199 (6200/8401) elapsed_s=2053
[train] chunk 621/841 days 6200..6209 (6210/8401) elapsed_s=2056
[train] chunk 622/841 days 6210..6219 (6220/8401) elapsed_s=2060
[train] chunk 623/841 days 6220..6229 (6230/8401) elapsed_s=2063
[train] chunk 624/841 days 6230..6239 (6240/8401) elapsed_s=2067
[train] chunk 625/841 days 6240..6249 (6250/8401) elapsed_s=2071
[train] chunk 626/841 days 6250..6259 (6260/8401) elapsed_s=2074
[train] chunk 627/841 days 6260..6269 (6270/8401) elapsed_s=2077
[train] chunk 628/841 days 6270..6279 (6280/8401) elapsed_s=2081
[train] chunk 629/841 days 6280..6289 (6290/8401) elapsed_s=2084
[train] chunk 630/841 days 6290..6299 (6300/8401) elapsed_s=2088
[train] chunk 631/841 days 6300..6309 (6310/8401) elapsed_s=2091
[train] chunk 632/841 days 6310..6319 (6320/8401) elapsed_s=2094
[train] chunk 633/841 days 6320..6329 (6330/8401) elapsed_s=2098
[train] chunk 634/841 days 6330..6339 (6340/8401) elapsed_s=2101
[train] chunk 635/841 days 6340..6349 (6350/8401) elapsed_s=2104
[train] chunk 636/841 days 6350..6359 (6360/8401) elapsed_s=2108
[train] chunk 637/841 days 6360..6369 (6370/8401) elapsed_s=2112
[train] chunk 638/841 days 6370..6379 (6380/8401) elapsed_s=2116
[train] chunk 639/841 days 6380..6389 (6390/8401) elapsed_s=2120
[train] chunk 640/841 days 6390..6399 (6400/8401) elapsed_s=2124
[train] chunk 641/841 days 6400..6409 (6410/8401) elapsed_s=2128
[train] chunk 642/841 days 6410..6419 (6420/8401) elapsed_s=2131
[train] chunk 643/841 days 6420..6429 (6430/8401) elapsed_s=2135
[train] chunk 644/841 days 6430..6439 (6440/8401) elapsed_s=2138
[train] chunk 645/841 days 6440..6449 (6450/8401) elapsed_s=2142
[train] chunk 646/841 days 6450..6459 (6460/8401) elapsed_s=2145
[train] chunk 647/841 days 6460..6469 (6470/8401) elapsed_s=2149
[train] chunk 648/841 days 6470..6479 (6480/8401) elapsed_s=2153
[train] chunk 649/841 days 6480..6489 (6490/8401) elapsed_s=2157
[train] chunk 650/841 days 6490..6499 (6500/8401) elapsed_s=2161
[train] chunk 651/841 days 6500..6509 (6510/8401) elapsed_s=2165
[train] chunk 652/841 days 6510..6519 (6520/8401) elapsed_s=2169
[train] chunk 653/841 days 6520..6529 (6530/8401) elapsed_s=2173
[train] chunk 654/841 days 6530..6539 (6540/8401) elapsed_s=2178
[train] chunk 655/841 days 6540..6549 (6550/8401) elapsed_s=2183
[train] chunk 656/841 days 6550..6559 (6560/8401) elapsed_s=2186
[train] chunk 657/841 days 6560..6569 (6570/8401) elapsed_s=2190
[train] chunk 658/841 days 6570..6579 (6580/8401) elapsed_s=2193
[train] chunk 659/841 days 6580..6589 (6590/8401) elapsed_s=2196
[train] chunk 660/841 days 6590..6599 (6600/8401) elapsed_s=2200
[train] chunk 661/841 days 6600..6609 (6610/8401) elapsed_s=2203
[train] chunk 662/841 days 6610..6619 (6620/8401) elapsed_s=2207
[train] chunk 663/841 days 6620..6629 (6630/8401) elapsed_s=2210
[train] chunk 664/841 days 6630..6639 (6640/8401) elapsed_s=2213
[train] chunk 665/841 days 6640..6649 (6650/8401) elapsed_s=2217
[train] chunk 666/841 days 6650..6659 (6660/8401) elapsed_s=2220
[train] chunk 667/841 days 6660..6669 (6670/8401) elapsed_s=2224
[train] chunk 668/841 days 6670..6679 (6680/8401) elapsed_s=2228
[train] chunk 669/841 days 6680..6689 (6690/8401) elapsed_s=2232
[train] chunk 670/841 days 6690..6699 (6700/8401) elapsed_s=2235
[train] chunk 671/841 days 6700..6709 (6710/8401) elapsed_s=2239
[train] chunk 672/841 days 6710..6719 (6720/8401) elapsed_s=2242
[train] chunk 673/841 days 6720..6729 (6730/8401) elapsed_s=2245
[train] chunk 674/841 days 6730..6739 (6740/8401) elapsed_s=2249
[train] chunk 675/841 days 6740..6749 (6750/8401) elapsed_s=2252
[train] chunk 676/841 days 6750..6759 (6760/8401) elapsed_s=2255
[train] chunk 677/841 days 6760..6769 (6770/8401) elapsed_s=2258
[train] chunk 678/841 days 6770..6779 (6780/8401) elapsed_s=2261
[train] chunk 679/841 days 6780..6789 (6790/8401) elapsed_s=2265
[train] chunk 680/841 days 6790..6799 (6800/8401) elapsed_s=2268
[train] chunk 681/841 days 6800..6809 (6810/8401) elapsed_s=2271
[train] chunk 682/841 days 6810..6819 (6820/8401) elapsed_s=2275
[train] chunk 683/841 days 6820..6829 (6830/8401) elapsed_s=2278
[train] chunk 684/841 days 6830..6839 (6840/8401) elapsed_s=2282
[train] chunk 685/841 days 6840..6849 (6850/8401) elapsed_s=2286
[train] chunk 686/841 days 6850..6859 (6860/8401) elapsed_s=2289
[train] chunk 687/841 days 6860..6869 (6870/8401) elapsed_s=2293
[train] chunk 688/841 days 6870..6879 (6880/8401) elapsed_s=2296
[train] chunk 689/841 days 6880..6889 (6890/8401) elapsed_s=2299
[train] chunk 690/841 days 6890..6899 (6900/8401) elapsed_s=2302
[train] chunk 691/841 days 6900..6909 (6910/8401) elapsed_s=2306
[train] chunk 692/841 days 6910..6919 (6920/8401) elapsed_s=2309
[train] chunk 693/841 days 6920..6929 (6930/8401) elapsed_s=2312
[train] chunk 694/841 days 6930..6939 (6940/8401) elapsed_s=2315
[train] chunk 695/841 days 6940..6949 (6950/8401) elapsed_s=2318
[train] chunk 696/841 days 6950..6959 (6960/8401) elapsed_s=2322
[train] chunk 697/841 days 6960..6969 (6970/8401) elapsed_s=2325
[train] chunk 698/841 days 6970..6979 (6980/8401) elapsed_s=2328
[train] chunk 699/841 days 6980..6989 (6990/8401) elapsed_s=2332
[train] chunk 700/841 days 6990..6999 (7000/8401) elapsed_s=2336
[train] chunk 701/841 days 7000..7009 (7010/8401) elapsed_s=2339
[train] chunk 702/841 days 7010..7019 (7020/8401) elapsed_s=2343
[train] chunk 703/841 days 7020..7029 (7030/8401) elapsed_s=2347
[train] chunk 704/841 days 7030..7039 (7040/8401) elapsed_s=2351
[train] chunk 705/841 days 7040..7049 (7050/8401) elapsed_s=2354
[train] chunk 706/841 days 7050..7059 (7060/8401) elapsed_s=2357
[train] chunk 707/841 days 7060..7069 (7070/8401) elapsed_s=2361
[train] chunk 708/841 days 7070..7079 (7080/8401) elapsed_s=2364
[train] chunk 709/841 days 7080..7089 (7090/8401) elapsed_s=2367
[train] chunk 710/841 days 7090..7099 (7100/8401) elapsed_s=2370
[train] chunk 711/841 days 7100..7109 (7110/8401) elapsed_s=2374
[train] chunk 712/841 days 7110..7119 (7120/8401) elapsed_s=2377
[train] chunk 713/841 days 7120..7129 (7130/8401) elapsed_s=2380
[train] chunk 714/841 days 7130..7139 (7140/8401) elapsed_s=2384
[train] chunk 715/841 days 7140..7149 (7150/8401) elapsed_s=2387
[train] chunk 716/841 days 7150..7159 (7160/8401) elapsed_s=2391
[train] chunk 717/841 days 7160..7169 (7170/8401) elapsed_s=2394
[train] chunk 718/841 days 7170..7179 (7180/8401) elapsed_s=2397
[train] chunk 719/841 days 7180..7189 (7190/8401) elapsed_s=2401
[train] chunk 720/841 days 7190..7199 (7200/8401) elapsed_s=2404
[train] chunk 721/841 days 7200..7209 (7210/8401) elapsed_s=2408
[train] chunk 722/841 days 7210..7219 (7220/8401) elapsed_s=2412
[train] chunk 723/841 days 7220..7229 (7230/8401) elapsed_s=2415
[train] chunk 724/841 days 7230..7239 (7240/8401) elapsed_s=2419
[train] chunk 725/841 days 7240..7249 (7250/8401) elapsed_s=2422
[train] chunk 726/841 days 7250..7259 (7260/8401) elapsed_s=2425
[train] chunk 727/841 days 7260..7269 (7270/8401) elapsed_s=2429
[train] chunk 728/841 days 7270..7279 (7280/8401) elapsed_s=2432
[train] chunk 729/841 days 7280..7289 (7290/8401) elapsed_s=2435
[train] chunk 730/841 days 7290..7299 (7300/8401) elapsed_s=2439
[train] chunk 731/841 days 7300..7309 (7310/8401) elapsed_s=2442
[train] chunk 732/841 days 7310..7319 (7320/8401) elapsed_s=2445
[train] chunk 733/841 days 7320..7329 (7330/8401) elapsed_s=2449
[train] chunk 734/841 days 7330..7339 (7340/8401) elapsed_s=2452
[train] chunk 735/841 days 7340..7349 (7350/8401) elapsed_s=2456
[train] chunk 736/841 days 7350..7359 (7360/8401) elapsed_s=2459
[train] chunk 737/841 days 7360..7369 (7370/8401) elapsed_s=2463
[train] chunk 738/841 days 7370..7379 (7380/8401) elapsed_s=2466
[train] chunk 739/841 days 7380..7389 (7390/8401) elapsed_s=2470
[train] chunk 740/841 days 7390..7399 (7400/8401) elapsed_s=2473
[train] chunk 741/841 days 7400..7409 (7410/8401) elapsed_s=2476
[train] chunk 742/841 days 7410..7419 (7420/8401) elapsed_s=2479
[train] chunk 743/841 days 7420..7429 (7430/8401) elapsed_s=2482
[train] chunk 744/841 days 7430..7439 (7440/8401) elapsed_s=2486
[train] chunk 745/841 days 7440..7449 (7450/8401) elapsed_s=2489
[train] chunk 746/841 days 7450..7459 (7460/8401) elapsed_s=2492
[train] chunk 747/841 days 7460..7469 (7470/8401) elapsed_s=2495
[train] chunk 748/841 days 7470..7479 (7480/8401) elapsed_s=2499
[train] chunk 749/841 days 7480..7489 (7490/8401) elapsed_s=2502
[train] chunk 750/841 days 7490..7499 (7500/8401) elapsed_s=2505
[train] chunk 751/841 days 7500..7509 (7510/8401) elapsed_s=2509
[train] chunk 752/841 days 7510..7519 (7520/8401) elapsed_s=2512
[train] chunk 753/841 days 7520..7529 (7530/8401) elapsed_s=2516
[train] chunk 754/841 days 7530..7539 (7540/8401) elapsed_s=2519
[train] chunk 755/841 days 7540..7549 (7550/8401) elapsed_s=2523
[train] chunk 756/841 days 7550..7559 (7560/8401) elapsed_s=2526
[train] chunk 757/841 days 7560..7569 (7570/8401) elapsed_s=2530
[train] chunk 758/841 days 7570..7579 (7580/8401) elapsed_s=2533
[train] chunk 759/841 days 7580..7589 (7590/8401) elapsed_s=2536
[train] chunk 760/841 days 7590..7599 (7600/8401) elapsed_s=2539
[train] chunk 761/841 days 7600..7609 (7610/8401) elapsed_s=2543
[train] chunk 762/841 days 7610..7619 (7620/8401) elapsed_s=2546
[train] chunk 763/841 days 7620..7629 (7630/8401) elapsed_s=2549
[train] chunk 764/841 days 7630..7639 (7640/8401) elapsed_s=2552
[train] chunk 765/841 days 7640..7649 (7650/8401) elapsed_s=2556
[train] chunk 766/841 days 7650..7659 (7660/8401) elapsed_s=2559
[train] chunk 767/841 days 7660..7669 (7670/8401) elapsed_s=2562
[train] chunk 768/841 days 7670..7679 (7680/8401) elapsed_s=2566
[train] chunk 769/841 days 7680..7689 (7690/8401) elapsed_s=2569
[train] chunk 770/841 days 7690..7699 (7700/8401) elapsed_s=2572
[train] chunk 771/841 days 7700..7709 (7710/8401) elapsed_s=2575
[train] chunk 772/841 days 7710..7719 (7720/8401) elapsed_s=2579
[train] chunk 773/841 days 7720..7729 (7730/8401) elapsed_s=2582
[train] chunk 774/841 days 7730..7739 (7740/8401) elapsed_s=2585
[train] chunk 775/841 days 7740..7749 (7750/8401) elapsed_s=2588
[train] chunk 776/841 days 7750..7759 (7760/8401) elapsed_s=2591
[train] chunk 777/841 days 7760..7769 (7770/8401) elapsed_s=2595
[train] chunk 778/841 days 7770..7779 (7780/8401) elapsed_s=2598
[train] chunk 779/841 days 7780..7789 (7790/8401) elapsed_s=2601
[train] chunk 780/841 days 7790..7799 (7800/8401) elapsed_s=2604
[train] chunk 781/841 days 7800..7809 (7810/8401) elapsed_s=2607
[train] chunk 782/841 days 7810..7819 (7820/8401) elapsed_s=2611
[train] chunk 783/841 days 7820..7829 (7830/8401) elapsed_s=2614
[train] chunk 784/841 days 7830..7839 (7840/8401) elapsed_s=2617
[train] chunk 785/841 days 7840..7849 (7850/8401) elapsed_s=2621
[train] chunk 786/841 days 7850..7859 (7860/8401) elapsed_s=2624
[train] chunk 787/841 days 7860..7869 (7870/8401) elapsed_s=2627
[train] chunk 788/841 days 7870..7879 (7880/8401) elapsed_s=2631
[train] chunk 789/841 days 7880..7889 (7890/8401) elapsed_s=2634
[train] chunk 790/841 days 7890..7899 (7900/8401) elapsed_s=2637
[train] chunk 791/841 days 7900..7909 (7910/8401) elapsed_s=2640
[train] chunk 792/841 days 7910..7919 (7920/8401) elapsed_s=2644
[train] chunk 793/841 days 7920..7929 (7930/8401) elapsed_s=2647
[train] chunk 794/841 days 7930..7939 (7940/8401) elapsed_s=2650
[train] chunk 795/841 days 7940..7949 (7950/8401) elapsed_s=2654
[train] chunk 796/841 days 7950..7959 (7960/8401) elapsed_s=2657
[train] chunk 797/841 days 7960..7969 (7970/8401) elapsed_s=2660
[train] chunk 798/841 days 7970..7979 (7980/8401) elapsed_s=2664
[train] chunk 799/841 days 7980..7989 (7990/8401) elapsed_s=2667
[train] chunk 800/841 days 7990..7999 (8000/8401) elapsed_s=2670
[train] chunk 801/841 days 8000..8009 (8010/8401) elapsed_s=2673
[train] chunk 802/841 days 8010..8019 (8020/8401) elapsed_s=2677
[train] chunk 803/841 days 8020..8029 (8030/8401) elapsed_s=2680
[train] chunk 804/841 days 8030..8039 (8040/8401) elapsed_s=2683
[train] chunk 805/841 days 8040..8049 (8050/8401) elapsed_s=2687
[train] chunk 806/841 days 8050..8059 (8060/8401) elapsed_s=2690
[train] chunk 807/841 days 8060..8069 (8070/8401) elapsed_s=2693
[train] chunk 808/841 days 8070..8079 (8080/8401) elapsed_s=2697
[train] chunk 809/841 days 8080..8089 (8090/8401) elapsed_s=2700
[train] chunk 810/841 days 8090..8099 (8100/8401) elapsed_s=2703
[train] chunk 811/841 days 8100..8109 (8110/8401) elapsed_s=2707
[train] chunk 812/841 days 8110..8119 (8120/8401) elapsed_s=2710
[train] chunk 813/841 days 8120..8129 (8130/8401) elapsed_s=2713
[train] chunk 814/841 days 8130..8139 (8140/8401) elapsed_s=2716
[train] chunk 815/841 days 8140..8149 (8150/8401) elapsed_s=2719
[train] chunk 816/841 days 8150..8159 (8160/8401) elapsed_s=2723
[train] chunk 817/841 days 8160..8169 (8170/8401) elapsed_s=2726
[train] chunk 818/841 days 8170..8179 (8180/8401) elapsed_s=2729
[train] chunk 819/841 days 8180..8189 (8190/8401) elapsed_s=2733
[train] chunk 820/841 days 8190..8199 (8200/8401) elapsed_s=2736
[train] chunk 821/841 days 8200..8209 (8210/8401) elapsed_s=2739
[train] chunk 822/841 days 8210..8219 (8220/8401) elapsed_s=2743
[train] chunk 823/841 days 8220..8229 (8230/8401) elapsed_s=2746
[train] chunk 824/841 days 8230..8239 (8240/8401) elapsed_s=2749
[train] chunk 825/841 days 8240..8249 (8250/8401) elapsed_s=2753
[train] chunk 826/841 days 8250..8259 (8260/8401) elapsed_s=2756
[train] chunk 827/841 days 8260..8269 (8270/8401) elapsed_s=2759
[train] chunk 828/841 days 8270..8279 (8280/8401) elapsed_s=2762
[train] chunk 829/841 days 8280..8289 (8290/8401) elapsed_s=2766
[train] chunk 830/841 days 8290..8299 (8300/8401) elapsed_s=2769
[train] chunk 831/841 days 8300..8309 (8310/8401) elapsed_s=2772
[train] chunk 832/841 days 8310..8319 (8320/8401) elapsed_s=2775
[train] chunk 833/841 days 8320..8329 (8330/8401) elapsed_s=2779
[train] chunk 834/841 days 8330..8339 (8340/8401) elapsed_s=2782
[train] chunk 835/841 days 8340..8349 (8350/8401) elapsed_s=2785
[train] chunk 836/841 days 8350..8359 (8360/8401) elapsed_s=2789
[train] chunk 837/841 days 8360..8369 (8370/8401) elapsed_s=2792
[train] chunk 838/841 days 8370..8379 (8380/8401) elapsed_s=2795
[train] chunk 839/841 days 8380..8389 (8390/8401) elapsed_s=2799
[train] chunk 840/841 days 8390..8399 (8400/8401) elapsed_s=2802
[train] chunk 841/841 days 8400..8400 (8401/8401) elapsed_s=2802
[val] target day 8401 (0/1094) elapsed_s=0
[val] target day 8451 (50/1094) elapsed_s=56
[val] target day 8501 (100/1094) elapsed_s=131
[val] target day 8551 (150/1094) elapsed_s=205
[val] target day 8601 (200/1094) elapsed_s=280
[val] target day 8651 (250/1094) elapsed_s=355
[val] target day 8701 (300/1094) elapsed_s=430
[val] target day 8751 (350/1094) elapsed_s=504
[val] target day 8801 (400/1094) elapsed_s=579
[val] target day 8851 (450/1094) elapsed_s=653
[val] target day 8901 (500/1094) elapsed_s=728
[val] target day 8951 (550/1094) elapsed_s=803
[val] target day 9001 (600/1094) elapsed_s=877
[val] target day 9051 (650/1094) elapsed_s=952
[val] target day 9101 (700/1094) elapsed_s=1029
[val] target day 9151 (750/1094) elapsed_s=1106
[val] target day 9201 (800/1094) elapsed_s=1182
[val] target day 9251 (850/1094) elapsed_s=1257
[val] target day 9301 (900/1094) elapsed_s=1334
[val] target day 9351 (950/1094) elapsed_s=1409
[val] target day 9401 (1000/1094) elapsed_s=1485
[val] target day 9451 (1050/1094) elapsed_s=1560
[val] target day 9495 (1094/1094) elapsed_s=1617
[gate] PASS  finite values inside masks (train+val, every layer)  (0 dynamic missing cells)
[gate] PASS  per-layer valid counts positive (train+val)  (u min/layer=134921520, v min/layer=134964225)
[gate] OVERALL: PASS
[out] saved /data2/user/zyq/checkpoints/PRE/diag_uv_predictability_20260901/uv_predictability.npz
[out] saved /data2/user/zyq/checkpoints/PRE/diag_uv_predictability_20260901/summary.csv
[out] saved /data2/user/zyq/checkpoints/PRE/diag_uv_predictability_20260901/SUMMARY.md
PROGRESS phase=profile status=completed gate=pass elapsed_s=6285
