[stats] loaded /data2/user/zyq/data_processed/PRE/norm/stats_d29_clipnone.npz: lo=[-2.3323388 -2.1205492], hi=[2.2596378 1.3131903], sigma=0.08560
loaded /data2/user/zyq/checkpoints/PRE/surface_smoke_BS4_EMD180_I4_E4_S32_C7_SD2_RES/Ep10.pth (epoch=9) objective=persistence_residual
test diagnosis windows: 77 (stride 14, horizon 15, deterministic)
[1/20] windows_done=4/77 elapsed_s=6
[2/20] windows_done=8/77 elapsed_s=14
[3/20] windows_done=12/77 elapsed_s=19
[4/20] windows_done=16/77 elapsed_s=23
[5/20] windows_done=20/77 elapsed_s=27
[6/20] windows_done=24/77 elapsed_s=31
[7/20] windows_done=28/77 elapsed_s=35
[8/20] windows_done=32/77 elapsed_s=41
[9/20] windows_done=36/77 elapsed_s=46
[10/20] windows_done=40/77 elapsed_s=50
[11/20] windows_done=44/77 elapsed_s=54
[12/20] windows_done=48/77 elapsed_s=59
[13/20] windows_done=52/77 elapsed_s=67
[14/20] windows_done=56/77 elapsed_s=75
[15/20] windows_done=60/77 elapsed_s=85
[16/20] windows_done=64/77 elapsed_s=94
[17/20] windows_done=68/77 elapsed_s=103
[18/20] windows_done=72/77 elapsed_s=114
[19/20] windows_done=76/77 elapsed_s=121
[20/20] windows_done=77/77 elapsed_s=123

=== u: per-lead-day native stats over 77 windows ===
lead | rmse_m | rmse_p | ratio | bias_m | bias_p | var_ratio_m | corr_m | corr_p
  1  | 0.1089 | 0.1239 | 0.879 | -0.0047 | +0.0025 | 0.868 | 0.915 | 0.878
  2  | 0.1761 | 0.1962 | 0.897 | -0.0363 | -0.0086 | 0.742 | 0.808 | 0.765
  3  | 0.2091 | 0.2231 | 0.937 | -0.0735 | -0.0219 | 0.690 | 0.710 | 0.689
  4  | 0.2460 | 0.2348 | 1.048 | -0.1065 | -0.0253 | 0.635 | 0.613 | 0.659
  5  | 0.2774 | 0.2568 | 1.080 | -0.1087 | -0.0099 | 0.567 | 0.564 | 0.619
  6  | 0.2950 | 0.2851 | 1.035 | -0.1021 | -0.0049 | 0.547 | 0.512 | 0.580
  7  | 0.2997 | 0.2954 | 1.014 | -0.0997 | -0.0098 | 0.587 | 0.478 | 0.573
  8  | 0.2893 | 0.2979 | 0.971 | -0.0567 | +0.0135 | 0.598 | 0.501 | 0.584
  9  | 0.2737 | 0.2763 | 0.990 | -0.0456 | -0.0025 | 0.662 | 0.478 | 0.603
 10  | 0.2782 | 0.2729 | 1.019 | -0.0474 | -0.0265 | 0.696 | 0.447 | 0.599
 11  | 0.2770 | 0.2695 | 1.028 | -0.0219 | -0.0216 | 0.632 | 0.431 | 0.586
 12  | 0.2824 | 0.2725 | 1.036 | +0.0061 | -0.0179 | 0.599 | 0.402 | 0.570
 13  | 0.2781 | 0.2578 | 1.079 | +0.0337 | -0.0041 | 0.595 | 0.419 | 0.601
 14  | 0.2978 | 0.2650 | 1.124 | +0.0480 | +0.0041 | 0.526 | 0.390 | 0.607
 15  | 0.2943 | 0.2634 | 1.117 | +0.0651 | +0.0032 | 0.536 | 0.388 | 0.605

=== v: per-lead-day native stats over 77 windows ===
lead | rmse_m | rmse_p | ratio | bias_m | bias_p | var_ratio_m | corr_m | corr_p
  1  | 0.0701 | 0.0878 | 0.799 | -0.0124 | -0.0150 | 0.879 | 0.914 | 0.870
  2  | 0.0950 | 0.1164 | 0.816 | -0.0062 | -0.0161 | 0.815 | 0.818 | 0.756
  3  | 0.1085 | 0.1217 | 0.892 | -0.0014 | -0.0092 | 0.847 | 0.716 | 0.709
  4  | 0.1242 | 0.1313 | 0.946 | +0.0122 | -0.0072 | 0.823 | 0.632 | 0.653
  5  | 0.1359 | 0.1372 | 0.991 | +0.0189 | -0.0039 | 0.786 | 0.586 | 0.626
  6  | 0.1464 | 0.1449 | 1.010 | +0.0309 | +0.0077 | 0.755 | 0.526 | 0.596
  7  | 0.1497 | 0.1506 | 0.994 | +0.0268 | +0.0018 | 0.743 | 0.518 | 0.594
  8  | 0.1522 | 0.1523 | 0.999 | +0.0237 | -0.0060 | 0.745 | 0.517 | 0.605
  9  | 0.1516 | 0.1428 | 1.062 | +0.0210 | -0.0103 | 0.783 | 0.507 | 0.623
 10  | 0.1584 | 0.1469 | 1.078 | +0.0243 | -0.0083 | 0.818 | 0.465 | 0.598
 11  | 0.1655 | 0.1495 | 1.107 | +0.0282 | -0.0092 | 0.829 | 0.441 | 0.594
 12  | 0.1683 | 0.1461 | 1.151 | +0.0403 | +0.0006 | 0.858 | 0.443 | 0.595
 13  | 0.1688 | 0.1409 | 1.199 | +0.0427 | +0.0011 | 0.908 | 0.428 | 0.617
 14  | 0.1735 | 0.1404 | 1.236 | +0.0474 | +0.0002 | 0.960 | 0.404 | 0.621
 15  | 0.1687 | 0.1403 | 1.202 | +0.0357 | -0.0138 | 1.034 | 0.403 | 0.624

pooled ratio per lead: [np.float64(0.853), np.float64(0.877), np.float64(0.927), np.float64(1.024), np.float64(1.061), np.float64(1.03), np.float64(1.01), np.float64(0.977), np.float64(1.006), np.float64(1.033), np.float64(1.047), np.float64(1.063), np.float64(1.107), np.float64(1.149), np.float64(1.136)]
crossover day (pooled ratio first > 1): 4
var_ratio_m @ d1/d7/d15 (u): [np.float64(0.868), np.float64(0.587), np.float64(0.536)]
corr_mean_m @ d1/d7/d15 (u): [np.float64(0.915), np.float64(0.478), np.float64(0.388)]

saved /data2/user/zyq/checkpoints/PRE/surface_smoke_BS4_EMD180_I4_E4_S32_C7_SD2_RES/leadtime_diag_ckptEp10.npz
saved /data2/user/zyq/checkpoints/PRE/surface_smoke_BS4_EMD180_I4_E4_S32_C7_SD2_RES/leadtime_diag_ckptEp10.png
PROGRESS phase=diag status=completed
