W0902 19:35:57.309000 140046531916416 torch/distributed/run.py:779] 
W0902 19:35:57.309000 140046531916416 torch/distributed/run.py:779] *****************************************
W0902 19:35:57.309000 140046531916416 torch/distributed/run.py:779] Setting OMP_NUM_THREADS environment variable for each process to be 1 in default, to avoid your system being overloaded, please further tune the variable for optimal performance in your application as needed. 
W0902 19:35:57.309000 140046531916416 torch/distributed/run.py:779] *****************************************
Using device: cuda:0  world_size=2 rank=0
[stats] loaded /data2/user/zyq/data_processed/PRE/norm/stats_d29_clipnone.npz: lo=[-2.3323388 -2.1205492], hi=[2.2596378 1.3131903], sigma=0.08560
train windows: 32   val windows: 1088
val subset: 2 windows at indices 0..1087 (2 rank shard(s))
zero-init check passed: untrained residual model == last-day persistence
weights-only init from /data2/user/zyq/checkpoints/PRE/surface_smoke_BS4_EMD180_I4_E4_S32_C7_SD2_RES/Ep10.pth (source epoch 9); optimizer/scheduler/scaler/history are FRESH
Model Total Params: 5842132
preset=surface_smoke mode=smoke objective=persistence_residual grid=(400,441,1) patch=(4, 3, 1) cond_ch=14 model_cond_ch=14 static_mask_input=False target_ch=2 mask_scheme=bivariate_rho stats_sigma=0.08560 objective=persistence_residual (residual_base=last_day, time_sigma=0.002; sigma_data not applicable) epochs=1 train_horizon=5 lead_schedule=1,2,1,3,1,4,1,5 init_checkpoint=/data2/user/zyq/checkpoints/PRE/surface_smoke_BS4_EMD180_I4_E4_S32_C7_SD2_RES/Ep10.pth world_size=2 per_device_batch=4 effective_batch=8 run_dir=/data2/user/zyq/checkpoints/PRE/surface_smoke_BS4_EMD180_I4_E4_S4_C7_SD2_RES_MS5_SMOKE_DDP2
PROGRESS phase=train objective=persistence_residual preset=surface_smoke mode=smoke world=2 epochs=1 steps_per_epoch=4 train_horizon=5 lead_schedule=1,2,1,3,1,4,1,5 run_dir=/data2/user/zyq/checkpoints/PRE/surface_smoke_BS4_EMD180_I4_E4_S4_C7_SD2_RES_MS5_SMOKE_DDP2 status=start
PROGRESS phase=train epoch=1/1 scope=rank0_shard_of_2 step=0/4 elapsed_s=0.0 status=start
PROGRESS phase=train stage=run error=RuntimeError:_Expected_to_have_finished_reduction_in_the_prior_iteration_before_starting_a_new_one._This_error_indicates_that_your_module_has_parameters_that_were_not_used_in_producing_loss._You_can_enable_unused_parameter_detection_by_passing_the_keyword_argument_`find_unused_parameters=True`_to_`torch.nn.parallel.DistributedDataParallel`,_and_by_making_sure_all_`forward`_function_outputs_participate_in_calculating_loss._If_you_already_have_done_the_above,_then_the_distributed_data_parallel_module_wasn't_able_to_locate_the_output_tensors_in_the_return_value_of_your_module's_`forward`_function._Please_include_the_loss_function_and_the_structure_of_the_return_value_of_`forward`_of_your_module_when_reporting_this_issue_(e.g._list,_dict,_iterable)._Parameter_indices_which_did_not_receive_grad_for_rank_0:_1_2_7_8_9_10_19_20_21_22_31_32_33_34_43_44_45_46_51_52_53_54_55_58_59_60_61_In_addition,_you_can_set_the_environment_variable_TORCH_DISTRIBUTED_DEBUG_to_either_INFO_or_DETAIL_to_print_out_information_about_which_particular_parameters_did_not_receive_gradient_on_this_rank_as_part_of_this_error elapsed_s=2.8 status=failed
Traceback (most recent call last):
  File "/data2/user/zyq/projects/DiAFNO/pre_trainer.py", line 565, in <module>
    pred = train_model(xx, static_cond=mask if STATIC_MASK else None)
  File "/data2/user/zyq/miniconda3/envs/diafno/lib/python3.10/site-packages/torch/nn/modules/module.py", line 1553, in _wrapped_call_impl
[rank1]: Traceback (most recent call last):
[rank1]:   File "/data2/user/zyq/projects/DiAFNO/pre_trainer.py", line 565, in <module>
[rank1]:     pred = train_model(xx, static_cond=mask if STATIC_MASK else None)
[rank1]:   File "/data2/user/zyq/miniconda3/envs/diafno/lib/python3.10/site-packages/torch/nn/modules/module.py", line 1553, in _wrapped_call_impl
[rank1]:     return self._call_impl(*args, **kwargs)
[rank1]:   File "/data2/user/zyq/miniconda3/envs/diafno/lib/python3.10/site-packages/torch/nn/modules/module.py", line 1562, in _call_impl
[rank1]:     return forward_call(*args, **kwargs)
[rank1]:   File "/data2/user/zyq/miniconda3/envs/diafno/lib/python3.10/site-packages/torch/nn/parallel/distributed.py", line 1632, in forward
[rank1]:     inputs, kwargs = self._pre_forward(*inputs, **kwargs)
[rank1]:   File "/data2/user/zyq/miniconda3/envs/diafno/lib/python3.10/site-packages/torch/nn/parallel/distributed.py", line 1523, in _pre_forward
[rank1]:     if torch.is_grad_enabled() and self.reducer._rebuild_buckets():
[rank1]: RuntimeError: Expected to have finished reduction in the prior iteration before starting a new one. This error indicates that your module has parameters that were not used in producing loss. You can enable unused parameter detection by passing the keyword argument `find_unused_parameters=True` to `torch.nn.parallel.DistributedDataParallel`, and by 
[rank1]: making sure all `forward` function outputs participate in calculating loss. 
[rank1]: If you already have done the above, then the distributed data parallel module wasn't able to locate the output tensors in the return value of your module's `forward` function. Please include the loss function and the structure of the return value of `forward` of your module when reporting this issue (e.g. list, dict, iterable).
[rank1]: Parameter indices which did not receive grad for rank 1: 1 2 7 8 9 10 19 20 21 22 31 32 33 34 43 44 45 46 51 52 53 54 55 58 59 60 61
[rank1]:  In addition, you can set the environment variable TORCH_DISTRIBUTED_DEBUG to either INFO or DETAIL to print out information about which particular parameters did not receive gradient on this rank as part of this error
    return self._call_impl(*args, **kwargs)
  File "/data2/user/zyq/miniconda3/envs/diafno/lib/python3.10/site-packages/torch/nn/modules/module.py", line 1562, in _call_impl
    return forward_call(*args, **kwargs)
  File "/data2/user/zyq/miniconda3/envs/diafno/lib/python3.10/site-packages/torch/nn/parallel/distributed.py", line 1632, in forward
    inputs, kwargs = self._pre_forward(*inputs, **kwargs)
  File "/data2/user/zyq/miniconda3/envs/diafno/lib/python3.10/site-packages/torch/nn/parallel/distributed.py", line 1523, in _pre_forward
    if torch.is_grad_enabled() and self.reducer._rebuild_buckets():
RuntimeError: Expected to have finished reduction in the prior iteration before starting a new one. This error indicates that your module has parameters that were not used in producing loss. You can enable unused parameter detection by passing the keyword argument `find_unused_parameters=True` to `torch.nn.parallel.DistributedDataParallel`, and by 
making sure all `forward` function outputs participate in calculating loss. 
If you already have done the above, then the distributed data parallel module wasn't able to locate the output tensors in the return value of your module's `forward` function. Please include the loss function and the structure of the return value of `forward` of your module when reporting this issue (e.g. list, dict, iterable).
Parameter indices which did not receive grad for rank 0: 1 2 7 8 9 10 19 20 21 22 31 32 33 34 43 44 45 46 51 52 53 54 55 58 59 60 61
 In addition, you can set the environment variable TORCH_DISTRIBUTED_DEBUG to either INFO or DETAIL to print out information about which particular parameters did not receive gradient on this rank as part of this error
W0902 19:36:04.549000 140046531916416 torch/distributed/elastic/multiprocessing/api.py:858] Sending process 3520076 closing signal SIGTERM
E0902 19:36:04.813000 140046531916416 torch/distributed/elastic/multiprocessing/api.py:833] failed (exitcode: 1) local_rank: 1 (pid: 3520077) of binary: /data2/user/zyq/miniconda3/envs/diafno/bin/python3.10
Traceback (most recent call last):
  File "/data2/user/zyq/miniconda3/envs/diafno/bin/torchrun", line 6, in <module>
    sys.exit(main())
  File "/data2/user/zyq/miniconda3/envs/diafno/lib/python3.10/site-packages/torch/distributed/elastic/multiprocessing/errors/__init__.py", line 348, in wrapper
    return f(*args, **kwargs)
  File "/data2/user/zyq/miniconda3/envs/diafno/lib/python3.10/site-packages/torch/distributed/run.py", line 901, in main
    run(args)
  File "/data2/user/zyq/miniconda3/envs/diafno/lib/python3.10/site-packages/torch/distributed/run.py", line 892, in run
    elastic_launch(
  File "/data2/user/zyq/miniconda3/envs/diafno/lib/python3.10/site-packages/torch/distributed/launcher/api.py", line 133, in __call__
    return launch_agent(self._config, self._entrypoint, list(args))
  File "/data2/user/zyq/miniconda3/envs/diafno/lib/python3.10/site-packages/torch/distributed/launcher/api.py", line 264, in launch_agent
    raise ChildFailedError(
torch.distributed.elastic.multiprocessing.errors.ChildFailedError: 
============================================================
pre_trainer.py FAILED
------------------------------------------------------------
Failures:
  <NO_OTHER_FAILURES>
------------------------------------------------------------
Root Cause (first observed failure):
[0]:
  time      : 2026-09-02_19:36:04
  host      : ubuntu
  rank      : 1 (local_rank: 1)
  exitcode  : 1 (pid: 3520077)
  error_file: <N/A>
  traceback : To enable traceback see: https://pytorch.org/docs/stable/elastic/errors.html
============================================================
