Using device: cuda  world_size=1 rank=0
[stats] loaded /data2/user/zyq/data_processed/PRE/norm/stats_d29_clipnone.npz: lo=[-2.3323388 -2.1205492], hi=[2.2596378 1.3131903], sigma=0.08560
train windows: 8385   val windows: 1088
val subset: 24 windows at indices 0..1087 (1 rank shard(s))
zero-init check passed: untrained residual model == last-day persistence
weights-only init from /data2/user/zyq/checkpoints/PRE/surface_smoke_BS4_EMD180_I4_E4_S32_C7_SD2_RES_MS5/Ep4.pth (source epoch 3); optimizer/scheduler/scaler/history are FRESH
Model Total Params: 5842132
preset=surface_smoke mode=full objective=persistence_residual grid=(400,441,1) patch=(4, 3, 1) cond_ch=14 model_cond_ch=14 static_mask_input=False target_ch=2 mask_scheme=bivariate_rho stats_sigma=0.08560 objective=persistence_residual (residual_base=last_day, time_sigma=0.002; sigma_data not applicable) epochs=3 train_horizon=10 lead_schedule=1,2,1,3,1,4,1,5,1,6,1,7,1,8,1,9,1,10 init_checkpoint=/data2/user/zyq/checkpoints/PRE/surface_smoke_BS4_EMD180_I4_E4_S32_C7_SD2_RES_MS5/Ep4.pth world_size=1 per_device_batch=4 effective_batch=4 run_dir=/data2/user/zyq/checkpoints/PRE/surface_smoke_BS4_EMD180_I4_E4_S32_C7_SD2_RES_MS10
PROGRESS phase=train objective=persistence_residual preset=surface_smoke mode=full world=1 epochs=3 steps_per_epoch=2096 train_horizon=10 lead_schedule=1,2,1,3,1,4,1,5,1,6,1,7,1,8,1,9,1,10 run_dir=/data2/user/zyq/checkpoints/PRE/surface_smoke_BS4_EMD180_I4_E4_S32_C7_SD2_RES_MS10 status=start
PROGRESS phase=train epoch=1/3 scope=whole_split step=0/2096 elapsed_s=0.0 status=start
PROGRESS phase=train epoch=1/3 scope=whole_split step=28/2096 elapsed_s=30.0 step_per_s=0.933 sample_per_s=3.733 eta_s=2215.8 loss=0.00123 lr=1.00e-04 updates=28 skipped=0 status=running
PROGRESS phase=train epoch=1/3 scope=whole_split step=54/2096 elapsed_s=60.0 step_per_s=0.900 sample_per_s=3.600 eta_s=2269.0 loss=0.00127 lr=1.00e-04 updates=54 skipped=0 status=running
PROGRESS phase=train epoch=1/3 scope=whole_split step=84/2096 elapsed_s=90.0 step_per_s=0.933 sample_per_s=3.733 eta_s=2155.8 loss=0.00125 lr=1.00e-04 updates=84 skipped=0 status=running
  [ep 1] batch 100/2096  avg_loss 0.00129  1.07s/batch  scale 6.5536e+04
PROGRESS phase=train epoch=1/3 scope=whole_split step=111/2096 elapsed_s=120.0 step_per_s=0.925 sample_per_s=3.700 eta_s=2146.0 loss=0.00129 lr=9.99e-05 updates=111 skipped=0 status=running
PROGRESS phase=train epoch=1/3 scope=whole_split step=139/2096 elapsed_s=150.0 step_per_s=0.927 sample_per_s=3.707 eta_s=2112.0 loss=0.00128 lr=9.99e-05 updates=139 skipped=0 status=running
PROGRESS phase=train epoch=1/3 scope=whole_split step=168/2096 elapsed_s=180.0 step_per_s=0.933 sample_per_s=3.733 eta_s=2065.8 loss=0.00128 lr=9.98e-05 updates=168 skipped=0 status=running
PROGRESS phase=train epoch=1/3 scope=whole_split step=195/2096 elapsed_s=210.0 step_per_s=0.929 sample_per_s=3.714 eta_s=2047.3 loss=0.00129 lr=9.98e-05 updates=195 skipped=0 status=running
  [ep 1] batch 200/2096  avg_loss 0.00129  1.08s/batch  scale 6.5536e+04
PROGRESS phase=train epoch=1/3 scope=whole_split step=225/2096 elapsed_s=240.0 step_per_s=0.937 sample_per_s=3.750 eta_s=1995.8 loss=0.00130 lr=9.97e-05 updates=225 skipped=0 status=running
PROGRESS phase=train epoch=1/3 scope=whole_split step=251/2096 elapsed_s=270.0 step_per_s=0.930 sample_per_s=3.718 eta_s=1984.7 loss=0.00134 lr=9.96e-05 updates=251 skipped=0 status=running
PROGRESS phase=train epoch=1/3 scope=whole_split step=281/2096 elapsed_s=300.0 step_per_s=0.937 sample_per_s=3.747 eta_s=1937.8 loss=0.00139 lr=9.95e-05 updates=281 skipped=0 status=running
  [ep 1] batch 300/2096  avg_loss 0.00139  1.06s/batch  scale 6.5536e+04
PROGRESS phase=train epoch=1/3 scope=whole_split step=308/2096 elapsed_s=330.0 step_per_s=0.933 sample_per_s=3.733 eta_s=1915.8 loss=0.00139 lr=9.94e-05 updates=308 skipped=0 status=running
PROGRESS phase=train epoch=1/3 scope=whole_split step=337/2096 elapsed_s=360.0 step_per_s=0.936 sample_per_s=3.744 eta_s=1879.1 loss=0.00139 lr=9.93e-05 updates=337 skipped=0 status=running
PROGRESS phase=train epoch=1/3 scope=whole_split step=365/2096 elapsed_s=390.0 step_per_s=0.936 sample_per_s=3.743 eta_s=1849.6 loss=0.00138 lr=9.92e-05 updates=365 skipped=0 status=running
PROGRESS phase=train epoch=1/3 scope=whole_split step=393/2096 elapsed_s=420.0 step_per_s=0.936 sample_per_s=3.743 eta_s=1820.1 loss=0.00137 lr=9.90e-05 updates=393 skipped=0 status=running
  [ep 1] batch 400/2096  avg_loss 0.00138  1.07s/batch  scale 6.5536e+04
PROGRESS phase=train epoch=1/3 scope=whole_split step=421/2096 elapsed_s=450.0 step_per_s=0.936 sample_per_s=3.742 eta_s=1790.4 loss=0.00140 lr=9.89e-05 updates=421 skipped=0 status=running
PROGRESS phase=train epoch=1/3 scope=whole_split step=449/2096 elapsed_s=480.0 step_per_s=0.935 sample_per_s=3.742 eta_s=1760.8 loss=0.00140 lr=9.87e-05 updates=449 skipped=0 status=running
PROGRESS phase=train epoch=1/3 scope=whole_split step=478/2096 elapsed_s=510.0 step_per_s=0.937 sample_per_s=3.749 eta_s=1726.4 loss=0.00139 lr=9.86e-05 updates=478 skipped=0 status=running
  [ep 1] batch 500/2096  avg_loss 0.00139  1.07s/batch  scale 6.5536e+04
PROGRESS phase=train epoch=1/3 scope=whole_split step=505/2096 elapsed_s=540.0 step_per_s=0.935 sample_per_s=3.741 eta_s=1701.3 loss=0.00139 lr=9.84e-05 updates=505 skipped=0 status=running
PROGRESS phase=train epoch=1/3 scope=whole_split step=534/2096 elapsed_s=570.0 step_per_s=0.937 sample_per_s=3.747 eta_s=1667.4 loss=0.00139 lr=9.82e-05 updates=534 skipped=0 status=running
PROGRESS phase=train epoch=1/3 scope=whole_split step=562/2096 elapsed_s=600.0 step_per_s=0.937 sample_per_s=3.747 eta_s=1637.8 loss=0.00138 lr=9.80e-05 updates=562 skipped=0 status=running
PROGRESS phase=train epoch=1/3 scope=whole_split step=590/2096 elapsed_s=630.0 step_per_s=0.936 sample_per_s=3.746 eta_s=1608.2 loss=0.00137 lr=9.78e-05 updates=590 skipped=0 status=running
  [ep 1] batch 600/2096  avg_loss 0.00137  1.06s/batch  scale 6.5536e+04
PROGRESS phase=train epoch=1/3 scope=whole_split step=619/2096 elapsed_s=660.0 step_per_s=0.938 sample_per_s=3.751 eta_s=1574.9 loss=0.00136 lr=9.76e-05 updates=619 skipped=0 status=running
PROGRESS phase=train epoch=1/3 scope=whole_split step=646/2096 elapsed_s=690.0 step_per_s=0.936 sample_per_s=3.745 eta_s=1548.8 loss=0.00136 lr=9.74e-05 updates=646 skipped=0 status=running
PROGRESS phase=train epoch=1/3 scope=whole_split step=675/2096 elapsed_s=720.0 step_per_s=0.937 sample_per_s=3.750 eta_s=1515.8 loss=0.00135 lr=9.72e-05 updates=675 skipped=0 status=running
  [ep 1] batch 700/2096  avg_loss 0.00135  1.08s/batch  scale 6.5536e+04
PROGRESS phase=train epoch=1/3 scope=whole_split step=701/2096 elapsed_s=750.0 step_per_s=0.935 sample_per_s=3.739 eta_s=1492.6 loss=0.00135 lr=9.70e-05 updates=701 skipped=0 status=running
PROGRESS phase=train epoch=1/3 scope=whole_split step=731/2096 elapsed_s=780.0 step_per_s=0.937 sample_per_s=3.749 eta_s=1456.5 loss=0.00134 lr=9.67e-05 updates=731 skipped=0 status=running
PROGRESS phase=train epoch=1/3 scope=whole_split step=758/2096 elapsed_s=810.0 step_per_s=0.936 sample_per_s=3.743 eta_s=1429.8 loss=0.00134 lr=9.65e-05 updates=758 skipped=0 status=running
PROGRESS phase=train epoch=1/3 scope=whole_split step=787/2096 elapsed_s=840.0 step_per_s=0.937 sample_per_s=3.747 eta_s=1397.2 loss=0.00133 lr=9.62e-05 updates=787 skipped=0 status=running
  [ep 1] batch 800/2096  avg_loss 0.00133  1.06s/batch  scale 6.5536e+04
PROGRESS phase=train epoch=1/3 scope=whole_split step=815/2096 elapsed_s=870.0 step_per_s=0.937 sample_per_s=3.747 eta_s=1367.5 loss=0.00133 lr=9.59e-05 updates=815 skipped=0 status=running
PROGRESS phase=train epoch=1/3 scope=whole_split step=843/2096 elapsed_s=900.0 step_per_s=0.937 sample_per_s=3.747 eta_s=1337.8 loss=0.00134 lr=9.56e-05 updates=843 skipped=0 status=running
PROGRESS phase=train epoch=1/3 scope=whole_split step=871/2096 elapsed_s=930.0 step_per_s=0.937 sample_per_s=3.746 eta_s=1308.0 loss=0.00134 lr=9.53e-05 updates=871 skipped=0 status=running
PROGRESS phase=train epoch=1/3 scope=whole_split step=899/2096 elapsed_s=960.0 step_per_s=0.936 sample_per_s=3.746 eta_s=1278.3 loss=0.00133 lr=9.50e-05 updates=899 skipped=0 status=running
  [ep 1] batch 900/2096  avg_loss 0.00134  1.08s/batch  scale 6.5536e+04
PROGRESS phase=train epoch=1/3 scope=whole_split step=928/2096 elapsed_s=990.0 step_per_s=0.937 sample_per_s=3.749 eta_s=1246.1 loss=0.00133 lr=9.47e-05 updates=928 skipped=0 status=running
PROGRESS phase=train epoch=1/3 scope=whole_split step=955/2096 elapsed_s=1020.0 step_per_s=0.936 sample_per_s=3.745 eta_s=1218.7 loss=0.00133 lr=9.44e-05 updates=955 skipped=0 status=running
PROGRESS phase=train epoch=1/3 scope=whole_split step=984/2096 elapsed_s=1050.0 step_per_s=0.937 sample_per_s=3.748 eta_s=1186.6 loss=0.00132 lr=9.41e-05 updates=984 skipped=0 status=running
  [ep 1] batch 1000/2096  avg_loss 0.00133  1.05s/batch  scale 6.5536e+04
PROGRESS phase=train epoch=1/3 scope=whole_split step=1012/2096 elapsed_s=1080.0 step_per_s=0.937 sample_per_s=3.748 eta_s=1156.9 loss=0.00132 lr=9.37e-05 updates=1012 skipped=0 status=running
PROGRESS phase=train epoch=1/3 scope=whole_split step=1040/2096 elapsed_s=1110.0 step_per_s=0.937 sample_per_s=3.748 eta_s=1127.1 loss=0.00132 lr=9.34e-05 updates=1040 skipped=0 status=running
PROGRESS phase=train epoch=1/3 scope=whole_split step=1069/2096 elapsed_s=1140.0 step_per_s=0.938 sample_per_s=3.751 eta_s=1095.2 loss=0.00132 lr=9.30e-05 updates=1069 skipped=0 status=running
PROGRESS phase=train epoch=1/3 scope=whole_split step=1096/2096 elapsed_s=1170.0 step_per_s=0.937 sample_per_s=3.747 eta_s=1067.6 loss=0.00133 lr=9.27e-05 updates=1096 skipped=0 status=running
  [ep 1] batch 1100/2096  avg_loss 0.00133  1.08s/batch  scale 6.5536e+04
PROGRESS phase=train epoch=1/3 scope=whole_split step=1125/2096 elapsed_s=1200.0 step_per_s=0.937 sample_per_s=3.750 eta_s=1035.8 loss=0.00132 lr=9.23e-05 updates=1125 skipped=0 status=running
PROGRESS phase=train epoch=1/3 scope=whole_split step=1151/2096 elapsed_s=1230.0 step_per_s=0.936 sample_per_s=3.743 eta_s=1009.9 loss=0.00133 lr=9.20e-05 updates=1151 skipped=0 status=running
PROGRESS phase=train epoch=1/3 scope=whole_split step=1181/2096 elapsed_s=1260.0 step_per_s=0.937 sample_per_s=3.749 eta_s=976.2 loss=0.00132 lr=9.15e-05 updates=1181 skipped=0 status=running
  [ep 1] batch 1200/2096  avg_loss 0.00133  1.06s/batch  scale 6.5536e+04
PROGRESS phase=train epoch=1/3 scope=whole_split step=1209/2096 elapsed_s=1290.0 step_per_s=0.937 sample_per_s=3.749 eta_s=946.5 loss=0.00133 lr=9.12e-05 updates=1209 skipped=0 status=running
PROGRESS phase=train epoch=1/3 scope=whole_split step=1237/2096 elapsed_s=1320.0 step_per_s=0.937 sample_per_s=3.748 eta_s=916.7 loss=0.00132 lr=9.08e-05 updates=1237 skipped=0 status=running
PROGRESS phase=train epoch=1/3 scope=whole_split step=1265/2096 elapsed_s=1350.0 step_per_s=0.937 sample_per_s=3.748 eta_s=886.9 loss=0.00132 lr=9.03e-05 updates=1265 skipped=0 status=running
PROGRESS phase=train epoch=1/3 scope=whole_split step=1293/2096 elapsed_s=1380.0 step_per_s=0.937 sample_per_s=3.748 eta_s=857.1 loss=0.00132 lr=8.99e-05 updates=1293 skipped=0 status=running
  [ep 1] batch 1300/2096  avg_loss 0.00132  1.07s/batch  scale 6.5536e+04
PROGRESS phase=train epoch=1/3 scope=whole_split step=1322/2096 elapsed_s=1410.0 step_per_s=0.938 sample_per_s=3.750 eta_s=825.5 loss=0.00132 lr=8.95e-05 updates=1322 skipped=0 status=running
PROGRESS phase=train epoch=1/3 scope=whole_split step=1349/2096 elapsed_s=1440.0 step_per_s=0.937 sample_per_s=3.747 eta_s=797.4 loss=0.00132 lr=8.91e-05 updates=1349 skipped=0 status=running
PROGRESS phase=train epoch=1/3 scope=whole_split step=1378/2096 elapsed_s=1470.0 step_per_s=0.937 sample_per_s=3.750 eta_s=766.0 loss=0.00132 lr=8.86e-05 updates=1378 skipped=0 status=running
  [ep 1] batch 1400/2096  avg_loss 0.00132  1.07s/batch  scale 6.5536e+04
PROGRESS phase=train epoch=1/3 scope=whole_split step=1405/2096 elapsed_s=1500.0 step_per_s=0.937 sample_per_s=3.747 eta_s=737.7 loss=0.00132 lr=8.82e-05 updates=1405 skipped=0 status=running
PROGRESS phase=train epoch=1/3 scope=whole_split step=1434/2096 elapsed_s=1530.0 step_per_s=0.937 sample_per_s=3.749 eta_s=706.3 loss=0.00132 lr=8.77e-05 updates=1434 skipped=0 status=running
PROGRESS phase=train epoch=1/3 scope=whole_split step=1462/2096 elapsed_s=1560.0 step_per_s=0.937 sample_per_s=3.749 eta_s=676.5 loss=0.00131 lr=8.72e-05 updates=1462 skipped=0 status=running
PROGRESS phase=train epoch=1/3 scope=whole_split step=1490/2096 elapsed_s=1590.0 step_per_s=0.937 sample_per_s=3.748 eta_s=646.7 loss=0.00132 lr=8.68e-05 updates=1490 skipped=0 status=running
  [ep 1] batch 1500/2096  avg_loss 0.00132  1.06s/batch  scale 6.5536e+04
PROGRESS phase=train epoch=1/3 scope=whole_split step=1519/2096 elapsed_s=1620.0 step_per_s=0.938 sample_per_s=3.751 eta_s=615.4 loss=0.00131 lr=8.63e-05 updates=1519 skipped=0 status=running
PROGRESS phase=train epoch=1/3 scope=whole_split step=1546/2096 elapsed_s=1650.0 step_per_s=0.937 sample_per_s=3.748 eta_s=587.0 loss=0.00131 lr=8.58e-05 updates=1546 skipped=0 status=running
PROGRESS phase=train epoch=1/3 scope=whole_split step=1575/2096 elapsed_s=1680.1 step_per_s=0.937 sample_per_s=3.750 eta_s=555.8 loss=0.00131 lr=8.53e-05 updates=1575 skipped=0 status=running
  [ep 1] batch 1600/2096  avg_loss 0.00131  1.08s/batch  scale 6.5536e+04
PROGRESS phase=train epoch=1/3 scope=whole_split step=1601/2096 elapsed_s=1710.1 step_per_s=0.936 sample_per_s=3.745 eta_s=528.7 loss=0.00131 lr=8.48e-05 updates=1601 skipped=0 status=running
PROGRESS phase=train epoch=1/3 scope=whole_split step=1631/2096 elapsed_s=1740.1 step_per_s=0.937 sample_per_s=3.749 eta_s=496.1 loss=0.00131 lr=8.43e-05 updates=1631 skipped=0 status=running
PROGRESS phase=train epoch=1/3 scope=whole_split step=1658/2096 elapsed_s=1770.1 step_per_s=0.937 sample_per_s=3.747 eta_s=467.6 loss=0.00131 lr=8.38e-05 updates=1658 skipped=0 status=running
PROGRESS phase=train epoch=1/3 scope=whole_split step=1687/2096 elapsed_s=1800.1 step_per_s=0.937 sample_per_s=3.749 eta_s=436.4 loss=0.00131 lr=8.33e-05 updates=1687 skipped=0 status=running
  [ep 1] batch 1700/2096  avg_loss 0.00130  1.06s/batch  scale 6.5536e+04
PROGRESS phase=train epoch=1/3 scope=whole_split step=1715/2096 elapsed_s=1830.1 step_per_s=0.937 sample_per_s=3.749 eta_s=406.6 loss=0.00131 lr=8.27e-05 updates=1715 skipped=0 status=running
PROGRESS phase=train epoch=1/3 scope=whole_split step=1743/2096 elapsed_s=1860.1 step_per_s=0.937 sample_per_s=3.748 eta_s=376.7 loss=0.00131 lr=8.22e-05 updates=1743 skipped=0 status=running
PROGRESS phase=train epoch=1/3 scope=whole_split step=1771/2096 elapsed_s=1890.1 step_per_s=0.937 sample_per_s=3.748 eta_s=346.8 loss=0.00131 lr=8.17e-05 updates=1771 skipped=0 status=running
PROGRESS phase=train epoch=1/3 scope=whole_split step=1799/2096 elapsed_s=1920.1 step_per_s=0.937 sample_per_s=3.748 eta_s=317.0 loss=0.00131 lr=8.11e-05 updates=1799 skipped=0 status=running
  [ep 1] batch 1800/2096  avg_loss 0.00131  1.08s/batch  scale 6.5536e+04
PROGRESS phase=train epoch=1/3 scope=whole_split step=1828/2096 elapsed_s=1950.1 step_per_s=0.937 sample_per_s=3.750 eta_s=285.9 loss=0.00131 lr=8.06e-05 updates=1828 skipped=0 status=running
PROGRESS phase=train epoch=1/3 scope=whole_split step=1854/2096 elapsed_s=1980.1 step_per_s=0.936 sample_per_s=3.745 eta_s=258.5 loss=0.00131 lr=8.00e-05 updates=1854 skipped=0 status=running
PROGRESS phase=train epoch=1/3 scope=whole_split step=1884/2096 elapsed_s=2010.1 step_per_s=0.937 sample_per_s=3.749 eta_s=226.2 loss=0.00131 lr=7.94e-05 updates=1884 skipped=0 status=running
  [ep 1] batch 1900/2096  avg_loss 0.00131  1.05s/batch  scale 6.5536e+04
PROGRESS phase=train epoch=1/3 scope=whole_split step=1911/2096 elapsed_s=2040.1 step_per_s=0.937 sample_per_s=3.747 eta_s=197.5 loss=0.00131 lr=7.89e-05 updates=1911 skipped=0 status=running
PROGRESS phase=train epoch=1/3 scope=whole_split step=1940/2096 elapsed_s=2070.1 step_per_s=0.937 sample_per_s=3.749 eta_s=166.5 loss=0.00131 lr=7.83e-05 updates=1940 skipped=0 status=running
PROGRESS phase=train epoch=1/3 scope=whole_split step=1968/2096 elapsed_s=2100.1 step_per_s=0.937 sample_per_s=3.748 eta_s=136.6 loss=0.00131 lr=7.77e-05 updates=1968 skipped=0 status=running
PROGRESS phase=train epoch=1/3 scope=whole_split step=1995/2096 elapsed_s=2130.1 step_per_s=0.937 sample_per_s=3.746 eta_s=107.8 loss=0.00131 lr=7.72e-05 updates=1995 skipped=0 status=running
  [ep 1] batch 2000/2096  avg_loss 0.00131  1.08s/batch  scale 1.3107e+05
PROGRESS phase=train epoch=1/3 scope=whole_split step=2025/2096 elapsed_s=2160.1 step_per_s=0.937 sample_per_s=3.750 eta_s=75.7 loss=0.00131 lr=7.65e-05 updates=2025 skipped=0 status=running
PROGRESS phase=train epoch=1/3 scope=whole_split step=2051/2096 elapsed_s=2190.1 step_per_s=0.937 sample_per_s=3.746 eta_s=48.1 loss=0.00131 lr=7.60e-05 updates=2051 skipped=0 status=running
PROGRESS phase=train epoch=1/3 scope=whole_split step=2081/2096 elapsed_s=2220.1 step_per_s=0.937 sample_per_s=3.749 eta_s=16.0 loss=0.00131 lr=7.53e-05 updates=2081 skipped=0 status=running
PROGRESS phase=train epoch=1/3 scope=whole_split step=2096/2096 elapsed_s=2236.6 step_per_s=0.937 sample_per_s=3.748 loss=0.00131 lr=7.50e-05 updates=2096 skipped=0 status=phase_done
PROGRESS phase=val epoch=1/3 scope=whole_split batch=0/6 elapsed_s=0.0 status=start
PROGRESS phase=val epoch=1/3 scope=whole_split batch=6/6 elapsed_s=1.4 batch_per_s=4.265 rel_l2=0.39647 status=phase_done
epoch 1/3  2238.1s  train_loss 0.00131  val_masked_relL2 0.39647  updates/rank 2096 (skipped across ranks 0)  max_lead 10  grad_scale 1.3107e+05  lr 7.50e-05
PROGRESS phase=train epoch=2/3 scope=whole_split step=0/2096 elapsed_s=0.0 status=start
PROGRESS phase=train epoch=2/3 scope=whole_split step=29/2096 elapsed_s=30.0 step_per_s=0.967 sample_per_s=3.867 eta_s=2138.3 loss=0.00117 lr=7.44e-05 updates=29 skipped=0 status=running
PROGRESS phase=train epoch=2/3 scope=whole_split step=56/2096 elapsed_s=60.0 step_per_s=0.933 sample_per_s=3.733 eta_s=2185.8 loss=0.00115 lr=7.38e-05 updates=56 skipped=0 status=running
PROGRESS phase=train epoch=2/3 scope=whole_split step=85/2096 elapsed_s=90.0 step_per_s=0.944 sample_per_s=3.778 eta_s=2129.4 loss=0.00121 lr=7.31e-05 updates=85 skipped=0 status=running
  [ep 2] batch 100/2096  avg_loss 0.00124  1.06s/batch  scale 1.3107e+05
PROGRESS phase=train epoch=2/3 scope=whole_split step=113/2096 elapsed_s=120.0 step_per_s=0.942 sample_per_s=3.767 eta_s=2105.9 loss=0.00121 lr=7.25e-05 updates=113 skipped=0 status=running
PROGRESS phase=train epoch=2/3 scope=whole_split step=141/2096 elapsed_s=150.0 step_per_s=0.940 sample_per_s=3.760 eta_s=2079.9 loss=0.00121 lr=7.19e-05 updates=141 skipped=0 status=running
PROGRESS phase=train epoch=2/3 scope=whole_split step=169/2096 elapsed_s=180.0 step_per_s=0.939 sample_per_s=3.755 eta_s=2052.5 loss=0.00120 lr=7.13e-05 updates=169 skipped=0 status=running
PROGRESS phase=train epoch=2/3 scope=whole_split step=197/2096 elapsed_s=210.0 step_per_s=0.938 sample_per_s=3.752 eta_s=2024.4 loss=0.00121 lr=7.06e-05 updates=197 skipped=0 status=running
  [ep 2] batch 200/2096  avg_loss 0.00121  1.08s/batch  scale 1.3107e+05
PROGRESS phase=train epoch=2/3 scope=whole_split step=225/2096 elapsed_s=240.0 step_per_s=0.937 sample_per_s=3.750 eta_s=1995.8 loss=0.00124 lr=7.00e-05 updates=225 skipped=0 status=running
PROGRESS phase=train epoch=2/3 scope=whole_split step=252/2096 elapsed_s=270.0 step_per_s=0.933 sample_per_s=3.733 eta_s=1975.8 loss=0.00125 lr=6.94e-05 updates=252 skipped=0 status=running
PROGRESS phase=train epoch=2/3 scope=whole_split step=281/2096 elapsed_s=300.0 step_per_s=0.937 sample_per_s=3.747 eta_s=1937.8 loss=0.00124 lr=6.87e-05 updates=281 skipped=0 status=running
  [ep 2] batch 300/2096  avg_loss 0.00126  1.06s/batch  scale 1.3107e+05
PROGRESS phase=train epoch=2/3 scope=whole_split step=309/2096 elapsed_s=330.0 step_per_s=0.936 sample_per_s=3.745 eta_s=1908.5 loss=0.00126 lr=6.80e-05 updates=309 skipped=0 status=running
PROGRESS phase=train epoch=2/3 scope=whole_split step=337/2096 elapsed_s=360.0 step_per_s=0.936 sample_per_s=3.744 eta_s=1879.1 loss=0.00126 lr=6.74e-05 updates=337 skipped=0 status=running
PROGRESS phase=train epoch=2/3 scope=whole_split step=365/2096 elapsed_s=390.0 step_per_s=0.936 sample_per_s=3.743 eta_s=1849.6 loss=0.00127 lr=6.67e-05 updates=365 skipped=0 status=running
PROGRESS phase=train epoch=2/3 scope=whole_split step=393/2096 elapsed_s=420.0 step_per_s=0.936 sample_per_s=3.743 eta_s=1820.1 loss=0.00128 lr=6.61e-05 updates=393 skipped=0 status=running
  [ep 2] batch 400/2096  avg_loss 0.00128  1.07s/batch  scale 1.3107e+05
PROGRESS phase=train epoch=2/3 scope=whole_split step=422/2096 elapsed_s=450.0 step_per_s=0.938 sample_per_s=3.751 eta_s=1785.1 loss=0.00127 lr=6.54e-05 updates=422 skipped=0 status=running
PROGRESS phase=train epoch=2/3 scope=whole_split step=449/2096 elapsed_s=480.0 step_per_s=0.935 sample_per_s=3.742 eta_s=1760.8 loss=0.00127 lr=6.47e-05 updates=449 skipped=0 status=running
PROGRESS phase=train epoch=2/3 scope=whole_split step=478/2096 elapsed_s=510.0 step_per_s=0.937 sample_per_s=3.749 eta_s=1726.4 loss=0.00126 lr=6.40e-05 updates=478 skipped=0 status=running
  [ep 2] batch 500/2096  avg_loss 0.00127  1.07s/batch  scale 1.3107e+05
PROGRESS phase=train epoch=2/3 scope=whole_split step=505/2096 elapsed_s=540.0 step_per_s=0.935 sample_per_s=3.741 eta_s=1701.3 loss=0.00127 lr=6.34e-05 updates=505 skipped=0 status=running
PROGRESS phase=train epoch=2/3 scope=whole_split step=534/2096 elapsed_s=570.0 step_per_s=0.937 sample_per_s=3.747 eta_s=1667.4 loss=0.00128 lr=6.27e-05 updates=534 skipped=0 status=running
PROGRESS phase=train epoch=2/3 scope=whole_split step=562/2096 elapsed_s=600.0 step_per_s=0.937 sample_per_s=3.747 eta_s=1637.8 loss=0.00128 lr=6.20e-05 updates=562 skipped=0 status=running
PROGRESS phase=train epoch=2/3 scope=whole_split step=590/2096 elapsed_s=630.0 step_per_s=0.936 sample_per_s=3.746 eta_s=1608.2 loss=0.00127 lr=6.13e-05 updates=590 skipped=0 status=running
  [ep 2] batch 600/2096  avg_loss 0.00127  1.07s/batch  scale 1.3107e+05
PROGRESS phase=train epoch=2/3 scope=whole_split step=619/2096 elapsed_s=660.0 step_per_s=0.938 sample_per_s=3.751 eta_s=1574.9 loss=0.00128 lr=6.06e-05 updates=619 skipped=0 status=running
PROGRESS phase=train epoch=2/3 scope=whole_split step=645/2096 elapsed_s=690.0 step_per_s=0.935 sample_per_s=3.739 eta_s=1552.3 loss=0.00128 lr=6.00e-05 updates=645 skipped=0 status=running
PROGRESS phase=train epoch=2/3 scope=whole_split step=675/2096 elapsed_s=720.0 step_per_s=0.937 sample_per_s=3.750 eta_s=1515.8 loss=0.00127 lr=5.93e-05 updates=675 skipped=0 status=running
  [ep 2] batch 700/2096  avg_loss 0.00128  1.08s/batch  scale 1.3107e+05
PROGRESS phase=train epoch=2/3 scope=whole_split step=701/2096 elapsed_s=750.0 step_per_s=0.935 sample_per_s=3.739 eta_s=1492.6 loss=0.00127 lr=5.86e-05 updates=701 skipped=0 status=running
PROGRESS phase=train epoch=2/3 scope=whole_split step=731/2096 elapsed_s=780.0 step_per_s=0.937 sample_per_s=3.749 eta_s=1456.5 loss=0.00127 lr=5.79e-05 updates=731 skipped=0 status=running
PROGRESS phase=train epoch=2/3 scope=whole_split step=758/2096 elapsed_s=810.0 step_per_s=0.936 sample_per_s=3.743 eta_s=1429.8 loss=0.00127 lr=5.72e-05 updates=758 skipped=0 status=running
PROGRESS phase=train epoch=2/3 scope=whole_split step=787/2096 elapsed_s=840.0 step_per_s=0.937 sample_per_s=3.748 eta_s=1397.2 loss=0.00128 lr=5.65e-05 updates=787 skipped=0 status=running
  [ep 2] batch 800/2096  avg_loss 0.00127  1.06s/batch  scale 1.3107e+05
PROGRESS phase=train epoch=2/3 scope=whole_split step=815/2096 elapsed_s=870.0 step_per_s=0.937 sample_per_s=3.747 eta_s=1367.5 loss=0.00127 lr=5.58e-05 updates=815 skipped=0 status=running
PROGRESS phase=train epoch=2/3 scope=whole_split step=843/2096 elapsed_s=900.0 step_per_s=0.937 sample_per_s=3.747 eta_s=1337.8 loss=0.00127 lr=5.51e-05 updates=843 skipped=0 status=running
PROGRESS phase=train epoch=2/3 scope=whole_split step=871/2096 elapsed_s=930.0 step_per_s=0.937 sample_per_s=3.746 eta_s=1308.0 loss=0.00127 lr=5.44e-05 updates=871 skipped=0 status=running
PROGRESS phase=train epoch=2/3 scope=whole_split step=899/2096 elapsed_s=960.0 step_per_s=0.936 sample_per_s=3.746 eta_s=1278.3 loss=0.00127 lr=5.37e-05 updates=899 skipped=0 status=running
  [ep 2] batch 900/2096  avg_loss 0.00127  1.09s/batch  scale 1.3107e+05
PROGRESS phase=train epoch=2/3 scope=whole_split step=927/2096 elapsed_s=990.0 step_per_s=0.936 sample_per_s=3.745 eta_s=1248.5 loss=0.00127 lr=5.30e-05 updates=927 skipped=0 status=running
PROGRESS phase=train epoch=2/3 scope=whole_split step=954/2096 elapsed_s=1020.0 step_per_s=0.935 sample_per_s=3.741 eta_s=1221.0 loss=0.00127 lr=5.23e-05 updates=954 skipped=0 status=running
PROGRESS phase=train epoch=2/3 scope=whole_split step=983/2096 elapsed_s=1050.0 step_per_s=0.936 sample_per_s=3.745 eta_s=1188.9 loss=0.00126 lr=5.16e-05 updates=983 skipped=0 status=running
  [ep 2] batch 1000/2096  avg_loss 0.00127  1.05s/batch  scale 1.3107e+05
PROGRESS phase=train epoch=2/3 scope=whole_split step=1011/2096 elapsed_s=1080.0 step_per_s=0.936 sample_per_s=3.744 eta_s=1159.1 loss=0.00127 lr=5.09e-05 updates=1011 skipped=0 status=running
PROGRESS phase=train epoch=2/3 scope=whole_split step=1039/2096 elapsed_s=1110.0 step_per_s=0.936 sample_per_s=3.744 eta_s=1129.3 loss=0.00127 lr=5.02e-05 updates=1039 skipped=0 status=running
PROGRESS phase=train epoch=2/3 scope=whole_split step=1067/2096 elapsed_s=1140.0 step_per_s=0.936 sample_per_s=3.744 eta_s=1099.4 loss=0.00127 lr=4.95e-05 updates=1067 skipped=0 status=running
PROGRESS phase=train epoch=2/3 scope=whole_split step=1095/2096 elapsed_s=1170.0 step_per_s=0.936 sample_per_s=3.743 eta_s=1069.6 loss=0.00128 lr=4.88e-05 updates=1095 skipped=0 status=running
  [ep 2] batch 1100/2096  avg_loss 0.00128  1.08s/batch  scale 1.3107e+05
PROGRESS phase=train epoch=2/3 scope=whole_split step=1124/2096 elapsed_s=1200.0 step_per_s=0.937 sample_per_s=3.747 eta_s=1037.8 loss=0.00128 lr=4.81e-05 updates=1124 skipped=0 status=running
PROGRESS phase=train epoch=2/3 scope=whole_split step=1151/2096 elapsed_s=1230.0 step_per_s=0.936 sample_per_s=3.743 eta_s=1009.9 loss=0.00128 lr=4.74e-05 updates=1151 skipped=0 status=running
PROGRESS phase=train epoch=2/3 scope=whole_split step=1180/2096 elapsed_s=1260.0 step_per_s=0.936 sample_per_s=3.746 eta_s=978.1 loss=0.00127 lr=4.67e-05 updates=1180 skipped=0 status=running
  [ep 2] batch 1200/2096  avg_loss 0.00128  1.06s/batch  scale 1.3107e+05
PROGRESS phase=train epoch=2/3 scope=whole_split step=1207/2096 elapsed_s=1290.0 step_per_s=0.936 sample_per_s=3.743 eta_s=950.2 loss=0.00127 lr=4.60e-05 updates=1207 skipped=0 status=running
PROGRESS phase=train epoch=2/3 scope=whole_split step=1236/2096 elapsed_s=1320.0 step_per_s=0.936 sample_per_s=3.745 eta_s=918.5 loss=0.00128 lr=4.53e-05 updates=1236 skipped=0 status=running
PROGRESS phase=train epoch=2/3 scope=whole_split step=1264/2096 elapsed_s=1350.0 step_per_s=0.936 sample_per_s=3.745 eta_s=888.6 loss=0.00127 lr=4.46e-05 updates=1264 skipped=0 status=running
PROGRESS phase=train epoch=2/3 scope=whole_split step=1292/2096 elapsed_s=1380.0 step_per_s=0.936 sample_per_s=3.745 eta_s=858.8 loss=0.00127 lr=4.39e-05 updates=1292 skipped=0 status=running
  [ep 2] batch 1300/2096  avg_loss 0.00127  1.07s/batch  scale 1.3107e+05
PROGRESS phase=train epoch=2/3 scope=whole_split step=1320/2096 elapsed_s=1410.0 step_per_s=0.936 sample_per_s=3.745 eta_s=828.9 loss=0.00127 lr=4.32e-05 updates=1320 skipped=0 status=running
PROGRESS phase=train epoch=2/3 scope=whole_split step=1347/2096 elapsed_s=1440.0 step_per_s=0.935 sample_per_s=3.742 eta_s=800.7 loss=0.00127 lr=4.26e-05 updates=1347 skipped=0 status=running
PROGRESS phase=train epoch=2/3 scope=whole_split step=1377/2096 elapsed_s=1470.0 step_per_s=0.937 sample_per_s=3.747 eta_s=767.6 loss=0.00127 lr=4.18e-05 updates=1377 skipped=0 status=running
  [ep 2] batch 1400/2096  avg_loss 0.00127  1.07s/batch  scale 1.3107e+05
PROGRESS phase=train epoch=2/3 scope=whole_split step=1403/2096 elapsed_s=1500.0 step_per_s=0.935 sample_per_s=3.741 eta_s=740.9 loss=0.00127 lr=4.12e-05 updates=1403 skipped=0 status=running
PROGRESS phase=train epoch=2/3 scope=whole_split step=1433/2096 elapsed_s=1530.0 step_per_s=0.937 sample_per_s=3.746 eta_s=707.9 loss=0.00126 lr=4.04e-05 updates=1433 skipped=0 status=running
PROGRESS phase=train epoch=2/3 scope=whole_split step=1459/2096 elapsed_s=1560.1 step_per_s=0.935 sample_per_s=3.741 eta_s=681.1 loss=0.00127 lr=3.98e-05 updates=1459 skipped=0 status=running
PROGRESS phase=train epoch=2/3 scope=whole_split step=1489/2096 elapsed_s=1590.1 step_per_s=0.936 sample_per_s=3.746 eta_s=648.2 loss=0.00126 lr=3.91e-05 updates=1489 skipped=0 status=running
  [ep 2] batch 1500/2096  avg_loss 0.00126  1.07s/batch  scale 1.3107e+05
PROGRESS phase=train epoch=2/3 scope=whole_split step=1516/2096 elapsed_s=1620.1 step_per_s=0.936 sample_per_s=3.743 eta_s=619.8 loss=0.00126 lr=3.84e-05 updates=1516 skipped=0 status=running
PROGRESS phase=train epoch=2/3 scope=whole_split step=1544/2096 elapsed_s=1650.1 step_per_s=0.936 sample_per_s=3.743 eta_s=589.9 loss=0.00126 lr=3.77e-05 updates=1544 skipped=0 status=running
PROGRESS phase=train epoch=2/3 scope=whole_split step=1573/2096 elapsed_s=1680.1 step_per_s=0.936 sample_per_s=3.745 eta_s=558.6 loss=0.00126 lr=3.70e-05 updates=1573 skipped=0 status=running
PROGRESS phase=train epoch=2/3 scope=whole_split step=1599/2096 elapsed_s=1710.1 step_per_s=0.935 sample_per_s=3.740 eta_s=531.5 loss=0.00126 lr=3.64e-05 updates=1599 skipped=0 status=running
  [ep 2] batch 1600/2096  avg_loss 0.00126  1.08s/batch  scale 1.3107e+05
PROGRESS phase=train epoch=2/3 scope=whole_split step=1629/2096 elapsed_s=1740.1 step_per_s=0.936 sample_per_s=3.745 eta_s=498.8 loss=0.00126 lr=3.57e-05 updates=1629 skipped=0 status=running
PROGRESS phase=train epoch=2/3 scope=whole_split step=1655/2096 elapsed_s=1770.1 step_per_s=0.935 sample_per_s=3.740 eta_s=471.7 loss=0.00126 lr=3.51e-05 updates=1655 skipped=0 status=running
PROGRESS phase=train epoch=2/3 scope=whole_split step=1685/2096 elapsed_s=1800.1 step_per_s=0.936 sample_per_s=3.744 eta_s=439.1 loss=0.00125 lr=3.44e-05 updates=1685 skipped=0 status=running
  [ep 2] batch 1700/2096  avg_loss 0.00125  1.06s/batch  scale 1.3107e+05
PROGRESS phase=train epoch=2/3 scope=whole_split step=1712/2096 elapsed_s=1830.1 step_per_s=0.935 sample_per_s=3.742 eta_s=410.5 loss=0.00126 lr=3.37e-05 updates=1712 skipped=0 status=running
PROGRESS phase=train epoch=2/3 scope=whole_split step=1741/2096 elapsed_s=1860.1 step_per_s=0.936 sample_per_s=3.744 eta_s=379.3 loss=0.00125 lr=3.30e-05 updates=1741 skipped=0 status=running
PROGRESS phase=train epoch=2/3 scope=whole_split step=1769/2096 elapsed_s=1890.1 step_per_s=0.936 sample_per_s=3.744 eta_s=349.4 loss=0.00126 lr=3.24e-05 updates=1769 skipped=0 status=running
PROGRESS phase=train epoch=2/3 scope=whole_split step=1797/2096 elapsed_s=1920.1 step_per_s=0.936 sample_per_s=3.744 eta_s=319.5 loss=0.00125 lr=3.17e-05 updates=1797 skipped=0 status=running
  [ep 2] batch 1800/2096  avg_loss 0.00125  1.09s/batch  scale 1.3107e+05
PROGRESS phase=train epoch=2/3 scope=whole_split step=1825/2096 elapsed_s=1950.1 step_per_s=0.936 sample_per_s=3.743 eta_s=289.6 loss=0.00125 lr=3.11e-05 updates=1825 skipped=0 status=running
PROGRESS phase=train epoch=2/3 scope=whole_split step=1853/2096 elapsed_s=1980.1 step_per_s=0.936 sample_per_s=3.743 eta_s=259.7 loss=0.00125 lr=3.04e-05 updates=1853 skipped=0 status=running
PROGRESS phase=train epoch=2/3 scope=whole_split step=1881/2096 elapsed_s=2010.1 step_per_s=0.936 sample_per_s=3.743 eta_s=229.8 loss=0.00125 lr=2.98e-05 updates=1881 skipped=0 status=running
  [ep 2] batch 1900/2096  avg_loss 0.00126  1.05s/batch  scale 1.3107e+05
PROGRESS phase=train epoch=2/3 scope=whole_split step=1908/2096 elapsed_s=2040.1 step_per_s=0.935 sample_per_s=3.741 eta_s=201.0 loss=0.00126 lr=2.92e-05 updates=1908 skipped=0 status=running
PROGRESS phase=train epoch=2/3 scope=whole_split step=1937/2096 elapsed_s=2070.1 step_per_s=0.936 sample_per_s=3.743 eta_s=169.9 loss=0.00125 lr=2.85e-05 updates=1937 skipped=0 status=running
PROGRESS phase=train epoch=2/3 scope=whole_split step=1965/2096 elapsed_s=2100.1 step_per_s=0.936 sample_per_s=3.743 eta_s=140.0 loss=0.00125 lr=2.79e-05 updates=1965 skipped=0 status=running
PROGRESS phase=train epoch=2/3 scope=whole_split step=1993/2096 elapsed_s=2130.1 step_per_s=0.936 sample_per_s=3.743 eta_s=110.1 loss=0.00125 lr=2.73e-05 updates=1993 skipped=0 status=running
  [ep 2] batch 2000/2096  avg_loss 0.00125  1.08s/batch  scale 2.6214e+05
PROGRESS phase=train epoch=2/3 scope=whole_split step=2021/2096 elapsed_s=2160.1 step_per_s=0.936 sample_per_s=3.742 eta_s=80.2 loss=0.00125 lr=2.66e-05 updates=2021 skipped=0 status=running
PROGRESS phase=train epoch=2/3 scope=whole_split step=2049/2096 elapsed_s=2190.1 step_per_s=0.936 sample_per_s=3.742 eta_s=50.2 loss=0.00125 lr=2.60e-05 updates=2049 skipped=0 status=running
PROGRESS phase=train epoch=2/3 scope=whole_split step=2078/2096 elapsed_s=2220.1 step_per_s=0.936 sample_per_s=3.744 eta_s=19.2 loss=0.00125 lr=2.54e-05 updates=2078 skipped=0 status=running
PROGRESS phase=train epoch=2/3 scope=whole_split step=2096/2096 elapsed_s=2246.7 step_per_s=0.933 sample_per_s=3.732 loss=0.00125 lr=2.50e-05 updates=2096 skipped=0 status=phase_done
PROGRESS phase=val epoch=2/3 scope=whole_split batch=0/6 elapsed_s=0.0 status=start
PROGRESS phase=val epoch=2/3 scope=whole_split batch=6/6 elapsed_s=1.4 batch_per_s=4.356 rel_l2=0.38878 status=phase_done
epoch 2/3  2248.1s  train_loss 0.00125  val_masked_relL2 0.38878  updates/rank 2096 (skipped across ranks 0)  max_lead 10  grad_scale 2.6214e+05  lr 2.50e-05
PROGRESS phase=train epoch=3/3 scope=whole_split step=0/2096 elapsed_s=0.0 status=start
PROGRESS phase=train epoch=3/3 scope=whole_split step=21/2096 elapsed_s=30.0 step_per_s=0.700 sample_per_s=2.800 eta_s=2964.4 loss=0.00119 lr=2.45e-05 updates=21 skipped=0 status=running
PROGRESS phase=train epoch=3/3 scope=whole_split step=42/2096 elapsed_s=60.0 step_per_s=0.700 sample_per_s=2.800 eta_s=2934.4 loss=0.00113 lr=2.41e-05 updates=42 skipped=0 status=running
PROGRESS phase=train epoch=3/3 scope=whole_split step=64/2096 elapsed_s=90.0 step_per_s=0.711 sample_per_s=2.844 eta_s=2857.6 loss=0.00115 lr=2.36e-05 updates=64 skipped=0 status=running
PROGRESS phase=train epoch=3/3 scope=whole_split step=85/2096 elapsed_s=120.0 step_per_s=0.708 sample_per_s=2.833 eta_s=2839.1 loss=0.00125 lr=2.32e-05 updates=85 skipped=0 status=running
  [ep 3] batch 100/2096  avg_loss 0.00122  1.40s/batch  scale 2.6214e+05
PROGRESS phase=train epoch=3/3 scope=whole_split step=107/2096 elapsed_s=150.0 step_per_s=0.713 sample_per_s=2.853 eta_s=2788.4 loss=0.00121 lr=2.27e-05 updates=107 skipped=0 status=running
PROGRESS phase=train epoch=3/3 scope=whole_split step=126/2096 elapsed_s=180.0 step_per_s=0.700 sample_per_s=2.800 eta_s=2814.4 loss=0.00122 lr=2.23e-05 updates=126 skipped=0 status=running
PROGRESS phase=train epoch=3/3 scope=whole_split step=148/2096 elapsed_s=210.0 step_per_s=0.705 sample_per_s=2.819 eta_s=2764.1 loss=0.00128 lr=2.19e-05 updates=148 skipped=0 status=running
PROGRESS phase=train epoch=3/3 scope=whole_split step=170/2096 elapsed_s=240.0 step_per_s=0.708 sample_per_s=2.833 eta_s=2719.1 loss=0.00132 lr=2.14e-05 updates=170 skipped=0 status=running
PROGRESS phase=train epoch=3/3 scope=whole_split step=191/2096 elapsed_s=270.0 step_per_s=0.707 sample_per_s=2.830 eta_s=2693.0 loss=0.00131 lr=2.10e-05 updates=191 skipped=0 status=running
  [ep 3] batch 200/2096  avg_loss 0.00131  1.43s/batch  scale 2.6214e+05
PROGRESS phase=train epoch=3/3 scope=whole_split step=213/2096 elapsed_s=300.0 step_per_s=0.710 sample_per_s=2.840 eta_s=2652.2 loss=0.00128 lr=2.05e-05 updates=213 skipped=0 status=running
PROGRESS phase=train epoch=3/3 scope=whole_split step=233/2096 elapsed_s=330.0 step_per_s=0.706 sample_per_s=2.824 eta_s=2638.7 loss=0.00127 lr=2.01e-05 updates=233 skipped=0 status=running
PROGRESS phase=train epoch=3/3 scope=whole_split step=262/2096 elapsed_s=360.0 step_per_s=0.728 sample_per_s=2.911 eta_s=2520.1 loss=0.00126 lr=1.96e-05 updates=262 skipped=0 status=running
PROGRESS phase=train epoch=3/3 scope=whole_split step=288/2096 elapsed_s=390.0 step_per_s=0.738 sample_per_s=2.954 eta_s=2448.4 loss=0.00126 lr=1.90e-05 updates=288 skipped=0 status=running
  [ep 3] batch 300/2096  avg_loss 0.00124  1.18s/batch  scale 2.6214e+05
PROGRESS phase=train epoch=3/3 scope=whole_split step=318/2096 elapsed_s=420.0 step_per_s=0.757 sample_per_s=3.028 eta_s=2348.4 loss=0.00123 lr=1.85e-05 updates=318 skipped=0 status=running
PROGRESS phase=train epoch=3/3 scope=whole_split step=345/2096 elapsed_s=450.0 step_per_s=0.767 sample_per_s=3.067 eta_s=2284.0 loss=0.00124 lr=1.79e-05 updates=345 skipped=0 status=running
PROGRESS phase=train epoch=3/3 scope=whole_split step=374/2096 elapsed_s=480.0 step_per_s=0.779 sample_per_s=3.117 eta_s=2210.1 loss=0.00124 lr=1.74e-05 updates=374 skipped=0 status=running
PROGRESS phase=train epoch=3/3 scope=whole_split step=393/2096 elapsed_s=510.0 step_per_s=0.771 sample_per_s=3.082 eta_s=2210.1 loss=0.00123 lr=1.70e-05 updates=393 skipped=0 status=running
  [ep 3] batch 400/2096  avg_loss 0.00123  1.20s/batch  scale 2.6214e+05
PROGRESS phase=train epoch=3/3 scope=whole_split step=411/2096 elapsed_s=540.0 step_per_s=0.761 sample_per_s=3.044 eta_s=2213.9 loss=0.00123 lr=1.67e-05 updates=411 skipped=0 status=running
PROGRESS phase=train epoch=3/3 scope=whole_split step=429/2096 elapsed_s=570.0 step_per_s=0.753 sample_per_s=3.010 eta_s=2215.0 loss=0.00123 lr=1.64e-05 updates=429 skipped=0 status=running
PROGRESS phase=train epoch=3/3 scope=whole_split step=448/2096 elapsed_s=600.0 step_per_s=0.747 sample_per_s=2.987 eta_s=2207.2 loss=0.00122 lr=1.60e-05 updates=448 skipped=0 status=running
PROGRESS phase=train epoch=3/3 scope=whole_split step=466/2096 elapsed_s=630.0 step_per_s=0.740 sample_per_s=2.959 eta_s=2203.7 loss=0.00122 lr=1.57e-05 updates=466 skipped=0 status=running
PROGRESS phase=train epoch=3/3 scope=whole_split step=484/2096 elapsed_s=660.0 step_per_s=0.733 sample_per_s=2.933 eta_s=2198.2 loss=0.00124 lr=1.54e-05 updates=484 skipped=0 status=running
  [ep 3] batch 500/2096  avg_loss 0.00124  1.66s/batch  scale 2.6214e+05
PROGRESS phase=train epoch=3/3 scope=whole_split step=502/2096 elapsed_s=690.0 step_per_s=0.728 sample_per_s=2.910 eta_s=2191.0 loss=0.00124 lr=1.50e-05 updates=502 skipped=0 status=running
PROGRESS phase=train epoch=3/3 scope=whole_split step=519/2096 elapsed_s=720.0 step_per_s=0.721 sample_per_s=2.883 eta_s=2187.8 loss=0.00124 lr=1.47e-05 updates=519 skipped=0 status=running
PROGRESS phase=train epoch=3/3 scope=whole_split step=542/2096 elapsed_s=750.0 step_per_s=0.723 sample_per_s=2.891 eta_s=2150.4 loss=0.00122 lr=1.43e-05 updates=542 skipped=0 status=running
PROGRESS phase=train epoch=3/3 scope=whole_split step=571/2096 elapsed_s=780.0 step_per_s=0.732 sample_per_s=2.928 eta_s=2083.3 loss=0.00121 lr=1.38e-05 updates=571 skipped=0 status=running
PROGRESS phase=train epoch=3/3 scope=whole_split step=599/2096 elapsed_s=810.0 step_per_s=0.739 sample_per_s=2.958 eta_s=2024.4 loss=0.00122 lr=1.33e-05 updates=599 skipped=0 status=running
  [ep 3] batch 600/2096  avg_loss 0.00122  1.25s/batch  scale 2.6214e+05
PROGRESS phase=train epoch=3/3 scope=whole_split step=627/2096 elapsed_s=840.0 step_per_s=0.746 sample_per_s=2.986 eta_s=1968.1 loss=0.00122 lr=1.29e-05 updates=627 skipped=0 status=running
PROGRESS phase=train epoch=3/3 scope=whole_split step=655/2096 elapsed_s=870.0 step_per_s=0.753 sample_per_s=3.011 eta_s=1914.1 loss=0.00122 lr=1.24e-05 updates=655 skipped=0 status=running
PROGRESS phase=train epoch=3/3 scope=whole_split step=683/2096 elapsed_s=900.0 step_per_s=0.759 sample_per_s=3.035 eta_s=1862.0 loss=0.00122 lr=1.20e-05 updates=683 skipped=0 status=running
  [ep 3] batch 700/2096  avg_loss 0.00123  1.08s/batch  scale 2.6214e+05
PROGRESS phase=train epoch=3/3 scope=whole_split step=711/2096 elapsed_s=930.0 step_per_s=0.764 sample_per_s=3.058 eta_s=1811.7 loss=0.00123 lr=1.15e-05 updates=711 skipped=0 status=running
PROGRESS phase=train epoch=3/3 scope=whole_split step=738/2096 elapsed_s=960.0 step_per_s=0.769 sample_per_s=3.075 eta_s=1766.6 loss=0.00123 lr=1.11e-05 updates=738 skipped=0 status=running
PROGRESS phase=train epoch=3/3 scope=whole_split step=767/2096 elapsed_s=990.0 step_per_s=0.775 sample_per_s=3.099 eta_s=1715.4 loss=0.00124 lr=1.06e-05 updates=767 skipped=0 status=running
PROGRESS phase=train epoch=3/3 scope=whole_split step=795/2096 elapsed_s=1020.0 step_per_s=0.779 sample_per_s=3.118 eta_s=1669.3 loss=0.00124 lr=1.02e-05 updates=795 skipped=0 status=running
  [ep 3] batch 800/2096  avg_loss 0.00124  1.06s/batch  scale 2.6214e+05
PROGRESS phase=train epoch=3/3 scope=whole_split step=823/2096 elapsed_s=1050.0 step_per_s=0.784 sample_per_s=3.135 eta_s=1624.2 loss=0.00124 lr=9.78e-06 updates=823 skipped=0 status=running
PROGRESS phase=train epoch=3/3 scope=whole_split step=852/2096 elapsed_s=1080.0 step_per_s=0.789 sample_per_s=3.155 eta_s=1576.9 loss=0.00124 lr=9.35e-06 updates=852 skipped=0 status=running
PROGRESS phase=train epoch=3/3 scope=whole_split step=879/2096 elapsed_s=1110.0 step_per_s=0.792 sample_per_s=3.167 eta_s=1536.9 loss=0.00125 lr=8.96e-06 updates=879 skipped=0 status=running
  [ep 3] batch 900/2096  avg_loss 0.00124  1.09s/batch  scale 2.6214e+05
PROGRESS phase=train epoch=3/3 scope=whole_split step=908/2096 elapsed_s=1140.0 step_per_s=0.796 sample_per_s=3.186 eta_s=1491.6 loss=0.00124 lr=8.55e-06 updates=908 skipped=0 status=running
PROGRESS phase=train epoch=3/3 scope=whole_split step=935/2096 elapsed_s=1170.0 step_per_s=0.799 sample_per_s=3.196 eta_s=1452.8 loss=0.00124 lr=8.18e-06 updates=935 skipped=0 status=running
PROGRESS phase=train epoch=3/3 scope=whole_split step=965/2096 elapsed_s=1200.0 step_per_s=0.804 sample_per_s=3.217 eta_s=1406.5 loss=0.00124 lr=7.77e-06 updates=965 skipped=0 status=running
PROGRESS phase=train epoch=3/3 scope=whole_split step=991/2096 elapsed_s=1230.0 step_per_s=0.806 sample_per_s=3.223 eta_s=1371.5 loss=0.00124 lr=7.43e-06 updates=991 skipped=0 status=running
  [ep 3] batch 1000/2096  avg_loss 0.00123  1.05s/batch  scale 2.6214e+05
PROGRESS phase=train epoch=3/3 scope=whole_split step=1021/2096 elapsed_s=1260.0 step_per_s=0.810 sample_per_s=3.241 eta_s=1326.7 loss=0.00123 lr=7.04e-06 updates=1021 skipped=0 status=running
PROGRESS phase=train epoch=3/3 scope=whole_split step=1048/2096 elapsed_s=1290.0 step_per_s=0.812 sample_per_s=3.250 eta_s=1290.0 loss=0.00123 lr=6.70e-06 updates=1048 skipped=0 status=running
PROGRESS phase=train epoch=3/3 scope=whole_split step=1077/2096 elapsed_s=1320.0 step_per_s=0.816 sample_per_s=3.264 eta_s=1249.0 loss=0.00123 lr=6.34e-06 updates=1077 skipped=0 status=running
  [ep 3] batch 1100/2096  avg_loss 0.00123  1.08s/batch  scale 2.6214e+05
PROGRESS phase=train epoch=3/3 scope=whole_split step=1105/2096 elapsed_s=1350.0 step_per_s=0.818 sample_per_s=3.274 eta_s=1210.8 loss=0.00123 lr=6.00e-06 updates=1105 skipped=0 status=running
PROGRESS phase=train epoch=3/3 scope=whole_split step=1132/2096 elapsed_s=1380.0 step_per_s=0.820 sample_per_s=3.281 eta_s=1175.2 loss=0.00123 lr=5.69e-06 updates=1132 skipped=0 status=running
PROGRESS phase=train epoch=3/3 scope=whole_split step=1161/2096 elapsed_s=1410.0 step_per_s=0.823 sample_per_s=3.294 eta_s=1135.6 loss=0.00122 lr=5.36e-06 updates=1161 skipped=0 status=running
PROGRESS phase=train epoch=3/3 scope=whole_split step=1187/2096 elapsed_s=1440.0 step_per_s=0.824 sample_per_s=3.297 eta_s=1102.8 loss=0.00122 lr=5.07e-06 updates=1187 skipped=0 status=running
  [ep 3] batch 1200/2096  avg_loss 0.00122  1.06s/batch  scale 2.6214e+05
PROGRESS phase=train epoch=3/3 scope=whole_split step=1217/2096 elapsed_s=1470.0 step_per_s=0.828 sample_per_s=3.311 eta_s=1061.8 loss=0.00122 lr=4.74e-06 updates=1217 skipped=0 status=running
PROGRESS phase=train epoch=3/3 scope=whole_split step=1244/2096 elapsed_s=1500.0 step_per_s=0.829 sample_per_s=3.317 eta_s=1027.4 loss=0.00123 lr=4.46e-06 updates=1244 skipped=0 status=running
PROGRESS phase=train epoch=3/3 scope=whole_split step=1273/2096 elapsed_s=1530.0 step_per_s=0.832 sample_per_s=3.328 eta_s=989.2 loss=0.00123 lr=4.17e-06 updates=1273 skipped=0 status=running
  [ep 3] batch 1300/2096  avg_loss 0.00123  1.07s/batch  scale 2.6214e+05
PROGRESS phase=train epoch=3/3 scope=whole_split step=1301/2096 elapsed_s=1560.0 step_per_s=0.834 sample_per_s=3.336 eta_s=953.3 loss=0.00123 lr=3.89e-06 updates=1301 skipped=0 status=running
PROGRESS phase=train epoch=3/3 scope=whole_split step=1329/2096 elapsed_s=1590.0 step_per_s=0.836 sample_per_s=3.343 eta_s=917.7 loss=0.00122 lr=3.63e-06 updates=1329 skipped=0 status=running
PROGRESS phase=train epoch=3/3 scope=whole_split step=1357/2096 elapsed_s=1620.0 step_per_s=0.838 sample_per_s=3.351 eta_s=882.3 loss=0.00123 lr=3.37e-06 updates=1357 skipped=0 status=running
PROGRESS phase=train epoch=3/3 scope=whole_split step=1385/2096 elapsed_s=1650.0 step_per_s=0.839 sample_per_s=3.357 eta_s=847.1 loss=0.00122 lr=3.12e-06 updates=1385 skipped=0 status=running
  [ep 3] batch 1400/2096  avg_loss 0.00123  1.07s/batch  scale 2.6214e+05
PROGRESS phase=train epoch=3/3 scope=whole_split step=1413/2096 elapsed_s=1680.0 step_per_s=0.841 sample_per_s=3.364 eta_s=812.1 loss=0.00123 lr=2.88e-06 updates=1413 skipped=0 status=running
PROGRESS phase=train epoch=3/3 scope=whole_split step=1440/2096 elapsed_s=1710.1 step_per_s=0.842 sample_per_s=3.368 eta_s=779.0 loss=0.00123 lr=2.66e-06 updates=1440 skipped=0 status=running
PROGRESS phase=train epoch=3/3 scope=whole_split step=1469/2096 elapsed_s=1740.1 step_per_s=0.844 sample_per_s=3.377 eta_s=742.7 loss=0.00122 lr=2.43e-06 updates=1469 skipped=0 status=running
PROGRESS phase=train epoch=3/3 scope=whole_split step=1497/2096 elapsed_s=1770.1 step_per_s=0.846 sample_per_s=3.383 eta_s=708.3 loss=0.00122 lr=2.22e-06 updates=1497 skipped=0 status=running
  [ep 3] batch 1500/2096  avg_loss 0.00122  1.06s/batch  scale 2.6214e+05
PROGRESS phase=train epoch=3/3 scope=whole_split step=1525/2096 elapsed_s=1800.1 step_per_s=0.847 sample_per_s=3.389 eta_s=674.0 loss=0.00122 lr=2.02e-06 updates=1525 skipped=0 status=running
PROGRESS phase=train epoch=3/3 scope=whole_split step=1554/2096 elapsed_s=1830.1 step_per_s=0.849 sample_per_s=3.397 eta_s=638.3 loss=0.00122 lr=1.82e-06 updates=1554 skipped=0 status=running
PROGRESS phase=train epoch=3/3 scope=whole_split step=1581/2096 elapsed_s=1860.1 step_per_s=0.850 sample_per_s=3.400 eta_s=605.9 loss=0.00122 lr=1.65e-06 updates=1581 skipped=0 status=running
  [ep 3] batch 1600/2096  avg_loss 0.00122  1.08s/batch  scale 2.6214e+05
PROGRESS phase=train epoch=3/3 scope=whole_split step=1610/2096 elapsed_s=1890.1 step_per_s=0.852 sample_per_s=3.407 eta_s=570.5 loss=0.00122 lr=1.47e-06 updates=1610 skipped=0 status=running
PROGRESS phase=train epoch=3/3 scope=whole_split step=1637/2096 elapsed_s=1920.1 step_per_s=0.853 sample_per_s=3.410 eta_s=538.4 loss=0.00122 lr=1.31e-06 updates=1637 skipped=0 status=running
PROGRESS phase=train epoch=3/3 scope=whole_split step=1667/2096 elapsed_s=1950.1 step_per_s=0.855 sample_per_s=3.419 eta_s=501.8 loss=0.00122 lr=1.14e-06 updates=1667 skipped=0 status=running
PROGRESS phase=train epoch=3/3 scope=whole_split step=1693/2096 elapsed_s=1980.1 step_per_s=0.855 sample_per_s=3.420 eta_s=471.3 loss=0.00122 lr=1.01e-06 updates=1693 skipped=0 status=running
  [ep 3] batch 1700/2096  avg_loss 0.00122  1.06s/batch  scale 2.6214e+05
PROGRESS phase=train epoch=3/3 scope=whole_split step=1723/2096 elapsed_s=2010.1 step_per_s=0.857 sample_per_s=3.429 eta_s=435.1 loss=0.00122 lr=8.66e-07 updates=1723 skipped=0 status=running
PROGRESS phase=train epoch=3/3 scope=whole_split step=1750/2096 elapsed_s=2040.1 step_per_s=0.858 sample_per_s=3.431 eta_s=403.3 loss=0.00122 lr=7.45e-07 updates=1750 skipped=0 status=running
PROGRESS phase=train epoch=3/3 scope=whole_split step=1779/2096 elapsed_s=2070.1 step_per_s=0.859 sample_per_s=3.438 eta_s=368.9 loss=0.00122 lr=6.26e-07 updates=1779 skipped=0 status=running
  [ep 3] batch 1800/2096  avg_loss 0.00122  1.09s/batch  scale 2.6214e+05
PROGRESS phase=train epoch=3/3 scope=whole_split step=1807/2096 elapsed_s=2100.1 step_per_s=0.860 sample_per_s=3.442 eta_s=335.9 loss=0.00122 lr=5.20e-07 updates=1807 skipped=0 status=running
PROGRESS phase=train epoch=3/3 scope=whole_split step=1834/2096 elapsed_s=2130.1 step_per_s=0.861 sample_per_s=3.444 eta_s=304.3 loss=0.00122 lr=4.28e-07 updates=1834 skipped=0 status=running
PROGRESS phase=train epoch=3/3 scope=whole_split step=1863/2096 elapsed_s=2160.1 step_per_s=0.862 sample_per_s=3.450 eta_s=270.2 loss=0.00122 lr=3.38e-07 updates=1863 skipped=0 status=running
PROGRESS phase=train epoch=3/3 scope=whole_split step=1889/2096 elapsed_s=2190.1 step_per_s=0.863 sample_per_s=3.450 eta_s=240.0 loss=0.00122 lr=2.67e-07 updates=1889 skipped=0 status=running
  [ep 3] batch 1900/2096  avg_loss 0.00122  1.05s/batch  scale 5.2429e+05
PROGRESS phase=train epoch=3/3 scope=whole_split step=1919/2096 elapsed_s=2220.1 step_per_s=0.864 sample_per_s=3.458 eta_s=204.8 loss=0.00122 lr=1.95e-07 updates=1919 skipped=0 status=running
PROGRESS phase=train epoch=3/3 scope=whole_split step=1946/2096 elapsed_s=2250.1 step_per_s=0.865 sample_per_s=3.459 eta_s=173.4 loss=0.00122 lr=1.40e-07 updates=1946 skipped=0 status=running
PROGRESS phase=train epoch=3/3 scope=whole_split step=1975/2096 elapsed_s=2280.1 step_per_s=0.866 sample_per_s=3.465 eta_s=139.7 loss=0.00122 lr=9.13e-08 updates=1975 skipped=0 status=running
  [ep 3] batch 2000/2096  avg_loss 0.00122  1.08s/batch  scale 5.2429e+05
PROGRESS phase=train epoch=3/3 scope=whole_split step=2003/2096 elapsed_s=2310.1 step_per_s=0.867 sample_per_s=3.468 eta_s=107.3 loss=0.00122 lr=5.40e-08 updates=2003 skipped=0 status=running
PROGRESS phase=train epoch=3/3 scope=whole_split step=2031/2096 elapsed_s=2340.1 step_per_s=0.868 sample_per_s=3.472 eta_s=74.9 loss=0.00122 lr=2.64e-08 updates=2031 skipped=0 status=running
PROGRESS phase=train epoch=3/3 scope=whole_split step=2059/2096 elapsed_s=2370.1 step_per_s=0.869 sample_per_s=3.475 eta_s=42.6 loss=0.00122 lr=8.54e-09 updates=2059 skipped=0 status=running
PROGRESS phase=train epoch=3/3 scope=whole_split step=2087/2096 elapsed_s=2400.1 step_per_s=0.870 sample_per_s=3.478 eta_s=10.4 loss=0.00122 lr=5.05e-10 updates=2087 skipped=0 status=running
PROGRESS phase=train epoch=3/3 scope=whole_split step=2096/2096 elapsed_s=2409.2 step_per_s=0.870 sample_per_s=3.480 loss=0.00122 lr=0.00e+00 updates=2096 skipped=0 status=phase_done
PROGRESS phase=val epoch=3/3 scope=whole_split batch=0/6 elapsed_s=0.0 status=start
PROGRESS phase=val epoch=3/3 scope=whole_split batch=6/6 elapsed_s=1.4 batch_per_s=4.272 rel_l2=0.38674 status=phase_done
epoch 3/3  2410.6s  train_loss 0.00122  val_masked_relL2 0.38674  updates/rank 2096 (skipped across ranks 0)  max_lead 10  grad_scale 5.2429e+05  lr 0.00e+00
PROGRESS phase=train objective=persistence_residual epochs_done=3 best_val=0.38674 elapsed_s=6897.4 run_dir=/data2/user/zyq/checkpoints/PRE/surface_smoke_BS4_EMD180_I4_E4_S32_C7_SD2_RES_MS10 status=completed
done. best val_masked_relL2 = 0.38674; checkpoints in /data2/user/zyq/checkpoints/PRE/surface_smoke_BS4_EMD180_I4_E4_S32_C7_SD2_RES_MS10
