W0902 14:30:00.471000 139824010228352 torch/distributed/run.py:779] 
W0902 14:30:00.471000 139824010228352 torch/distributed/run.py:779] *****************************************
W0902 14:30:00.471000 139824010228352 torch/distributed/run.py:779] Setting OMP_NUM_THREADS environment variable for each process to be 1 in default, to avoid your system being overloaded, please further tune the variable for optimal performance in your application as needed. 
W0902 14:30:00.471000 139824010228352 torch/distributed/run.py:779] *****************************************
Using device: cuda:0  world_size=2 rank=0
[stats] loaded /data2/user/zyq/data_processed/PRE/norm/stats_d29_clipnone.npz: lo=[-2.3323388 -2.1205492], hi=[2.2596378 1.3131903], sigma=0.08560
train windows: 32   val windows: 1088
val subset: 2 windows at indices 0..1087 (2 rank shard(s))
zero-init check passed: untrained residual model == last-day persistence
weights-only init from /data2/user/zyq/checkpoints/PRE/surface_smoke_BS4_EMD180_I4_E4_S32_C7_SD2_RES/Ep10.pth (source epoch 9); optimizer/scheduler/scaler/history are FRESH
Model Total Params: 5842132
preset=surface_smoke mode=smoke objective=persistence_residual grid=(400,441,1) patch=(4, 3, 1) cond_ch=14 model_cond_ch=14 static_mask_input=False target_ch=2 mask_scheme=bivariate_rho stats_sigma=0.08560 objective=persistence_residual (residual_base=last_day, time_sigma=0.002; sigma_data not applicable) epochs=1 train_horizon=5 lead_schedule=1,2,1,3,1,4,1,5 init_checkpoint=/data2/user/zyq/checkpoints/PRE/surface_smoke_BS4_EMD180_I4_E4_S32_C7_SD2_RES/Ep10.pth world_size=2 per_device_batch=4 effective_batch=8 run_dir=/data2/user/zyq/checkpoints/PRE/surface_smoke_BS4_EMD180_I4_E4_S4_C7_SD2_RES_MS5_SMOKE_DDP2
PROGRESS phase=train objective=persistence_residual preset=surface_smoke mode=smoke world=2 epochs=1 steps_per_epoch=4 train_horizon=5 lead_schedule=1,2,1,3,1,4,1,5 run_dir=/data2/user/zyq/checkpoints/PRE/surface_smoke_BS4_EMD180_I4_E4_S4_C7_SD2_RES_MS5_SMOKE_DDP2 status=start
PROGRESS phase=train epoch=1/1 scope=rank0_shard_of_2 step=0/4 elapsed_s=0.0 status=start
[rank1]: Traceback (most recent call last):
[rank1]:   File "/data2/user/zyq/projects/DiAFNO/pre_trainer.py", line 565, in <module>
[rank1]:     pred = train_model(xx, static_cond=mask if STATIC_MASK else None)
[rank1]:   File "/data2/user/zyq/miniconda3/envs/diafno/lib/python3.10/site-packages/torch/nn/modules/module.py", line 1553, in _wrapped_call_impl
[rank1]:     return self._call_impl(*args, **kwargs)
[rank1]:   File "/data2/user/zyq/miniconda3/envs/diafno/lib/python3.10/site-packages/torch/nn/modules/module.py", line 1562, in _call_impl
[rank1]:     return forward_call(*args, **kwargs)
[rank1]:   File "/data2/user/zyq/miniconda3/envs/diafno/lib/python3.10/site-packages/torch/nn/parallel/distributed.py", line 1636, in forward
[rank1]:     else self._run_ddp_forward(*inputs, **kwargs)
[rank1]:   File "/data2/user/zyq/miniconda3/envs/diafno/lib/python3.10/site-packages/torch/nn/parallel/distributed.py", line 1454, in _run_ddp_forward
[rank1]:     return self.module(*inputs, **kwargs)  # type: ignore[index]
[rank1]:   File "/data2/user/zyq/miniconda3/envs/diafno/lib/python3.10/site-packages/torch/nn/modules/module.py", line 1553, in _wrapped_call_impl
[rank1]:     return self._call_impl(*args, **kwargs)
[rank1]:   File "/data2/user/zyq/miniconda3/envs/diafno/lib/python3.10/site-packages/torch/nn/modules/module.py", line 1562, in _call_impl
[rank1]:     return forward_call(*args, **kwargs)
[rank1]:   File "/data2/user/zyq/projects/DiAFNO/pre_models.py", line 115, in forward
[rank1]:     residual = self.net(torch.zeros_like(base), time, x_self_cond)
[rank1]:   File "/data2/user/zyq/miniconda3/envs/diafno/lib/python3.10/site-packages/torch/nn/modules/module.py", line 1553, in _wrapped_call_impl
[rank1]:     return self._call_impl(*args, **kwargs)
[rank1]:   File "/data2/user/zyq/miniconda3/envs/diafno/lib/python3.10/site-packages/torch/nn/modules/module.py", line 1562, in _call_impl
[rank1]:     return forward_call(*args, **kwargs)
[rank1]:   File "/data2/user/zyq/projects/DiAFNO/IAFNO.py", line 326, in forward
[rank1]:     x = self.forward_features(x)
[rank1]:   File "/data2/user/zyq/projects/DiAFNO/IAFNO.py", line 284, in forward_features
[rank1]:     x = x + self.blocks[j](x) * coef
[rank1]:   File "/data2/user/zyq/miniconda3/envs/diafno/lib/python3.10/site-packages/torch/nn/modules/module.py", line 1553, in _wrapped_call_impl
[rank1]:     return self._call_impl(*args, **kwargs)
[rank1]:   File "/data2/user/zyq/miniconda3/envs/diafno/lib/python3.10/site-packages/torch/nn/modules/module.py", line 1562, in _call_impl
[rank1]:     return forward_call(*args, **kwargs)
[rank1]:   File "/data2/user/zyq/projects/DiAFNO/IAFNO.py", line 128, in forward
[rank1]:     x = self.filter(x)
[rank1]:   File "/data2/user/zyq/miniconda3/envs/diafno/lib/python3.10/site-packages/torch/nn/modules/module.py", line 1553, in _wrapped_call_impl
[rank1]:     return self._call_impl(*args, **kwargs)
[rank1]:   File "/data2/user/zyq/miniconda3/envs/diafno/lib/python3.10/site-packages/torch/nn/modules/module.py", line 1562, in _call_impl
[rank1]:     return forward_call(*args, **kwargs)
[rank1]:   File "/data2/user/zyq/projects/DiAFNO/IAFNO.py", line 182, in forward
[rank1]:     torch.einsum('...bi,bio->...bo', x[:, :, :, :kept_modes].imag, self.w1[1]) + \
[rank1]:   File "/data2/user/zyq/miniconda3/envs/diafno/lib/python3.10/site-packages/torch/functional.py", line 386, in einsum
[rank1]:     return _VF.einsum(equation, operands)  # type: ignore[attr-defined]
[rank1]: torch.OutOfMemoryError: CUDA out of memory. Tried to allocate 82.00 MiB. GPU 1 has a total capacity of 23.64 GiB of which 12.12 MiB is free. Process 2814501 has 6.17 GiB memory in use. Including non-PyTorch memory, this process has 17.45 GiB memory in use. Of the allocated memory 16.65 GiB is allocated by PyTorch, and 219.20 MiB is reserved by PyTorch but unallocated. If reserved but unallocated memory is large try setting PYTORCH_CUDA_ALLOC_CONF=expandable_segments:True to avoid fragmentation.  See documentation for Memory Management  (https://pytorch.org/docs/stable/notes/cuda.html#environment-variables)
W0902 14:30:07.551000 139824010228352 torch/distributed/elastic/multiprocessing/api.py:858] Sending process 1585341 closing signal SIGTERM
E0902 14:30:07.816000 139824010228352 torch/distributed/elastic/multiprocessing/api.py:833] failed (exitcode: 1) local_rank: 1 (pid: 1585342) of binary: /data2/user/zyq/miniconda3/envs/diafno/bin/python3.10
Traceback (most recent call last):
  File "/data2/user/zyq/miniconda3/envs/diafno/bin/torchrun", line 6, in <module>
    sys.exit(main())
  File "/data2/user/zyq/miniconda3/envs/diafno/lib/python3.10/site-packages/torch/distributed/elastic/multiprocessing/errors/__init__.py", line 348, in wrapper
    return f(*args, **kwargs)
  File "/data2/user/zyq/miniconda3/envs/diafno/lib/python3.10/site-packages/torch/distributed/run.py", line 901, in main
    run(args)
  File "/data2/user/zyq/miniconda3/envs/diafno/lib/python3.10/site-packages/torch/distributed/run.py", line 892, in run
    elastic_launch(
  File "/data2/user/zyq/miniconda3/envs/diafno/lib/python3.10/site-packages/torch/distributed/launcher/api.py", line 133, in __call__
    return launch_agent(self._config, self._entrypoint, list(args))
  File "/data2/user/zyq/miniconda3/envs/diafno/lib/python3.10/site-packages/torch/distributed/launcher/api.py", line 264, in launch_agent
    raise ChildFailedError(
torch.distributed.elastic.multiprocessing.errors.ChildFailedError: 
============================================================
pre_trainer.py FAILED
------------------------------------------------------------
Failures:
  <NO_OTHER_FAILURES>
------------------------------------------------------------
Root Cause (first observed failure):
[0]:
  time      : 2026-09-02_14:30:07
  host      : ubuntu
  rank      : 1 (local_rank: 1)
  exitcode  : 1 (pid: 1585342)
  error_file: <N/A>
  traceback : To enable traceback see: https://pytorch.org/docs/stable/elastic/errors.html
============================================================
