W0831 02:36:10.090000 140472233378432 torch/distributed/run.py:779] 
W0831 02:36:10.090000 140472233378432 torch/distributed/run.py:779] *****************************************
W0831 02:36:10.090000 140472233378432 torch/distributed/run.py:779] Setting OMP_NUM_THREADS environment variable for each process to be 1 in default, to avoid your system being overloaded, please further tune the variable for optimal performance in your application as needed. 
W0831 02:36:10.090000 140472233378432 torch/distributed/run.py:779] *****************************************
Using device: cuda:0  world_size=2 rank=0
[stats] loaded /data2/user/zyq/data_processed/PRE/norm/stats_d29_clipnone.npz: lo=[-2.3323388 -2.1205492], hi=[2.2596378 1.3131903], sigma=0.08560
train windows: 32   val windows: 1088
val subset: 2 windows at indices 0..1087 (2 rank shard(s))
zero-init check passed: untrained residual model == last-day persistence
Model Total Params: 5842132
preset=surface_smoke mode=smoke objective=persistence_residual grid=(400,441,1) patch=(4, 3, 1) cond_ch=14 target_ch=2 mask_scheme=bivariate_rho stats_sigma=0.08560 objective=persistence_residual (residual_base=last_day, time_sigma=0.002; sigma_data not applicable) epochs=1 world_size=2 per_device_batch=4 effective_batch=8 run_dir=/data2/user/zyq/checkpoints/PRE/surface_smoke_BS4_EMD180_I4_E4_S4_C7_SD2_RES_SMOKE_DDP2
PROGRESS phase=train objective=persistence_residual preset=surface_smoke mode=smoke world=2 epochs=1 steps_per_epoch=4 run_dir=/data2/user/zyq/checkpoints/PRE/surface_smoke_BS4_EMD180_I4_E4_S4_C7_SD2_RES_SMOKE_DDP2 status=start
PROGRESS phase=train epoch=1/1 scope=rank0_shard_of_2 step=0/4 elapsed_s=0.0 status=start
PROGRESS phase=train epoch=1/1 scope=rank0_shard_of_2 step=4/4 elapsed_s=3.3 step_per_s=1.217 sample_per_s=9.733 loss=0.02548 lr=0.00e+00 updates=4 skipped=0 status=phase_done
PROGRESS phase=val epoch=1/1 scope=rank0_shard_of_2 batch=0/1 elapsed_s=0.0 status=start
PROGRESS phase=val epoch=1/1 scope=rank0_shard_of_2 batch=1/1 elapsed_s=0.2 batch_per_s=4.290 rel_l2=2.71070 status=phase_done
epoch 1/1  3.5s  train_loss 0.02694  val_masked_relL2 1.66825  updates/rank 4 (skipped across ranks 0)  grad_scale 6.5536e+04  lr 0.00e+00
SMOKE PASS: finite train/val, 4 updates/rank, no AMP skips, checkpoint outputs complete in /data2/user/zyq/checkpoints/PRE/surface_smoke_BS4_EMD180_I4_E4_S4_C7_SD2_RES_SMOKE_DDP2
PROGRESS phase=train objective=persistence_residual epochs_done=1 best_val=1.66825 elapsed_s=3.7 run_dir=/data2/user/zyq/checkpoints/PRE/surface_smoke_BS4_EMD180_I4_E4_S4_C7_SD2_RES_SMOKE_DDP2 status=completed
done. best val_masked_relL2 = 1.66825; checkpoints in /data2/user/zyq/checkpoints/PRE/surface_smoke_BS4_EMD180_I4_E4_S4_C7_SD2_RES_SMOKE_DDP2
