W0903 00:35:30.724000 140147517321856 torch/distributed/run.py:779] 
W0903 00:35:30.724000 140147517321856 torch/distributed/run.py:779] *****************************************
W0903 00:35:30.724000 140147517321856 torch/distributed/run.py:779] Setting OMP_NUM_THREADS environment variable for each process to be 1 in default, to avoid your system being overloaded, please further tune the variable for optimal performance in your application as needed. 
W0903 00:35:30.724000 140147517321856 torch/distributed/run.py:779] *****************************************
Using device: cuda:0  world_size=2 rank=0
[stats] loaded /data2/user/zyq/data_processed/PRE/norm/stats_d29_clipnone.npz: lo=[-2.3323388 -2.1205492], hi=[2.2596378 1.3131903], sigma=0.08560
train windows: 32   val windows: 1088
val subset: 2 windows at indices 0..1087 (2 rank shard(s))
zero-init check passed: untrained residual model == last-day persistence
weights-only init from /data2/user/zyq/checkpoints/PRE/surface_smoke_BS4_EMD180_I4_E4_S32_C7_SD2_RES/Ep10.pth (source epoch 9); optimizer/scheduler/scaler/history are FRESH
Model Total Params: 5842132
preset=surface_smoke mode=smoke objective=persistence_residual grid=(400,441,1) patch=(4, 3, 1) cond_ch=14 model_cond_ch=14 static_mask_input=False target_ch=2 mask_scheme=bivariate_rho stats_sigma=0.08560 objective=persistence_residual (residual_base=last_day, time_sigma=0.002; sigma_data not applicable) epochs=1 train_horizon=5 lead_schedule=1,2,1,3,1,4,1,5 init_checkpoint=/data2/user/zyq/checkpoints/PRE/surface_smoke_BS4_EMD180_I4_E4_S32_C7_SD2_RES/Ep10.pth world_size=2 per_device_batch=4 effective_batch=8 run_dir=/data2/user/zyq/checkpoints/PRE/surface_smoke_BS4_EMD180_I4_E4_S4_C7_SD2_RES_MS5_SMOKE_DDP2
PROGRESS phase=train objective=persistence_residual preset=surface_smoke mode=smoke world=2 epochs=1 steps_per_epoch=4 train_horizon=5 lead_schedule=1,2,1,3,1,4,1,5 run_dir=/data2/user/zyq/checkpoints/PRE/surface_smoke_BS4_EMD180_I4_E4_S4_C7_SD2_RES_MS5_SMOKE_DDP2 status=start
PROGRESS phase=train epoch=1/1 scope=rank0_shard_of_2 step=0/4 elapsed_s=0.0 status=start
PROGRESS phase=train epoch=1/1 scope=rank0_shard_of_2 step=4/4 elapsed_s=4.2 step_per_s=0.961 sample_per_s=7.689 loss=0.00076 lr=0.00e+00 updates=4 skipped=0 status=phase_done
PROGRESS phase=val epoch=1/1 scope=rank0_shard_of_2 batch=0/1 elapsed_s=0.0 status=start
PROGRESS phase=val epoch=1/1 scope=rank0_shard_of_2 batch=1/1 elapsed_s=0.3 batch_per_s=3.887 rel_l2=0.62069 status=phase_done
epoch 1/1  4.4s  train_loss 0.00073  val_masked_relL2 0.48704  updates/rank 4 (skipped across ranks 0)  max_lead 3  grad_scale 6.5536e+04  lr 0.00e+00
SMOKE PASS: finite train/val, 4 updates/rank, no AMP skips, checkpoint outputs complete in /data2/user/zyq/checkpoints/PRE/surface_smoke_BS4_EMD180_I4_E4_S4_C7_SD2_RES_MS5_SMOKE_DDP2
PROGRESS phase=train objective=persistence_residual epochs_done=1 best_val=0.48704 elapsed_s=4.6 run_dir=/data2/user/zyq/checkpoints/PRE/surface_smoke_BS4_EMD180_I4_E4_S4_C7_SD2_RES_MS5_SMOKE_DDP2 status=completed
done. best val_masked_relL2 = 0.48704; checkpoints in /data2/user/zyq/checkpoints/PRE/surface_smoke_BS4_EMD180_I4_E4_S4_C7_SD2_RES_MS5_SMOKE_DDP2
